Archive member included to satisfy reference by file (symbol)

c:/ac6/systemworkbench/plugins/fr.ac6.mcu.externaltools.arm-none.win32_1.17.0.201812190825/tools/compiler/bin/../lib/gcc/arm-none-eabi/7.3.1/../../../../arm-none-eabi/lib/thumb/v7e-m/fpv5/hard\libc.a(lib_a-errno.o)
                              src/syscalls.o (__errno)
c:/ac6/systemworkbench/plugins/fr.ac6.mcu.externaltools.arm-none.win32_1.17.0.201812190825/tools/compiler/bin/../lib/gcc/arm-none-eabi/7.3.1/../../../../arm-none-eabi/lib/thumb/v7e-m/fpv5/hard\libc.a(lib_a-exit.o)
                              c:/ac6/systemworkbench/plugins/fr.ac6.mcu.externaltools.arm-none.win32_1.17.0.201812190825/tools/compiler/bin/../lib/gcc/arm-none-eabi/7.3.1/../../../../arm-none-eabi/lib/thumb/v7e-m/fpv5/hard/crt0.o (exit)
c:/ac6/systemworkbench/plugins/fr.ac6.mcu.externaltools.arm-none.win32_1.17.0.201812190825/tools/compiler/bin/../lib/gcc/arm-none-eabi/7.3.1/../../../../arm-none-eabi/lib/thumb/v7e-m/fpv5/hard\libc.a(lib_a-impure.o)
                              c:/ac6/systemworkbench/plugins/fr.ac6.mcu.externaltools.arm-none.win32_1.17.0.201812190825/tools/compiler/bin/../lib/gcc/arm-none-eabi/7.3.1/../../../../arm-none-eabi/lib/thumb/v7e-m/fpv5/hard\libc.a(lib_a-exit.o) (_global_impure_ptr)
c:/ac6/systemworkbench/plugins/fr.ac6.mcu.externaltools.arm-none.win32_1.17.0.201812190825/tools/compiler/bin/../lib/gcc/arm-none-eabi/7.3.1/../../../../arm-none-eabi/lib/thumb/v7e-m/fpv5/hard\libc.a(lib_a-init.o)
                              c:/ac6/systemworkbench/plugins/fr.ac6.mcu.externaltools.arm-none.win32_1.17.0.201812190825/tools/compiler/bin/../lib/gcc/arm-none-eabi/7.3.1/../../../../arm-none-eabi/lib/thumb/v7e-m/fpv5/hard/crt0.o (__libc_init_array)
c:/ac6/systemworkbench/plugins/fr.ac6.mcu.externaltools.arm-none.win32_1.17.0.201812190825/tools/compiler/bin/../lib/gcc/arm-none-eabi/7.3.1/../../../../arm-none-eabi/lib/thumb/v7e-m/fpv5/hard\libc.a(lib_a-memset.o)
                              c:/ac6/systemworkbench/plugins/fr.ac6.mcu.externaltools.arm-none.win32_1.17.0.201812190825/tools/compiler/bin/../lib/gcc/arm-none-eabi/7.3.1/../../../../arm-none-eabi/lib/thumb/v7e-m/fpv5/hard/crt0.o (memset)
c:/ac6/systemworkbench/plugins/fr.ac6.mcu.externaltools.arm-none.win32_1.17.0.201812190825/tools/compiler/bin/../lib/gcc/arm-none-eabi/7.3.1/../../../../arm-none-eabi/lib/thumb/v7e-m/fpv5/hard\libc.a(lib_a-sprintf.o)
                              src/FAT16.o (sprintf)
c:/ac6/systemworkbench/plugins/fr.ac6.mcu.externaltools.arm-none.win32_1.17.0.201812190825/tools/compiler/bin/../lib/gcc/arm-none-eabi/7.3.1/../../../../arm-none-eabi/lib/thumb/v7e-m/fpv5/hard\libc.a(lib_a-svfprintf.o)
                              c:/ac6/systemworkbench/plugins/fr.ac6.mcu.externaltools.arm-none.win32_1.17.0.201812190825/tools/compiler/bin/../lib/gcc/arm-none-eabi/7.3.1/../../../../arm-none-eabi/lib/thumb/v7e-m/fpv5/hard\libc.a(lib_a-sprintf.o) (_svfprintf_r)
c:/ac6/systemworkbench/plugins/fr.ac6.mcu.externaltools.arm-none.win32_1.17.0.201812190825/tools/compiler/bin/../lib/gcc/arm-none-eabi/7.3.1/../../../../arm-none-eabi/lib/thumb/v7e-m/fpv5/hard\libc.a(lib_a-__call_atexit.o)
                              c:/ac6/systemworkbench/plugins/fr.ac6.mcu.externaltools.arm-none.win32_1.17.0.201812190825/tools/compiler/bin/../lib/gcc/arm-none-eabi/7.3.1/../../../../arm-none-eabi/lib/thumb/v7e-m/fpv5/hard\libc.a(lib_a-exit.o) (__call_exitprocs)
c:/ac6/systemworkbench/plugins/fr.ac6.mcu.externaltools.arm-none.win32_1.17.0.201812190825/tools/compiler/bin/../lib/gcc/arm-none-eabi/7.3.1/../../../../arm-none-eabi/lib/thumb/v7e-m/fpv5/hard\libc.a(lib_a-atexit.o)
                              c:/ac6/systemworkbench/plugins/fr.ac6.mcu.externaltools.arm-none.win32_1.17.0.201812190825/tools/compiler/bin/../lib/gcc/arm-none-eabi/7.3.1/../../../../arm-none-eabi/lib/thumb/v7e-m/fpv5/hard\libc.a(lib_a-__call_atexit.o) (atexit)
c:/ac6/systemworkbench/plugins/fr.ac6.mcu.externaltools.arm-none.win32_1.17.0.201812190825/tools/compiler/bin/../lib/gcc/arm-none-eabi/7.3.1/../../../../arm-none-eabi/lib/thumb/v7e-m/fpv5/hard\libc.a(lib_a-dtoa.o)
                              c:/ac6/systemworkbench/plugins/fr.ac6.mcu.externaltools.arm-none.win32_1.17.0.201812190825/tools/compiler/bin/../lib/gcc/arm-none-eabi/7.3.1/../../../../arm-none-eabi/lib/thumb/v7e-m/fpv5/hard\libc.a(lib_a-svfprintf.o) (_dtoa_r)
c:/ac6/systemworkbench/plugins/fr.ac6.mcu.externaltools.arm-none.win32_1.17.0.201812190825/tools/compiler/bin/../lib/gcc/arm-none-eabi/7.3.1/../../../../arm-none-eabi/lib/thumb/v7e-m/fpv5/hard\libc.a(lib_a-fini.o)
                              c:/ac6/systemworkbench/plugins/fr.ac6.mcu.externaltools.arm-none.win32_1.17.0.201812190825/tools/compiler/bin/../lib/gcc/arm-none-eabi/7.3.1/../../../../arm-none-eabi/lib/thumb/v7e-m/fpv5/hard\libc.a(lib_a-__call_atexit.o) (__libc_fini_array)
[...]
Memory Configuration

Name             Origin             Length             Attributes
FLASH            0x08000000         0x00200000         xr
RAM              0x20000000         0x00080000         xrw
*default*        0x00000000         0xffffffff

Linker script and memory map

LOAD c:/ac6/systemworkbench/plugins/fr.ac6.mcu.externaltools.arm-none.win32_1.17.0.201812190825/tools/compiler/bin/../lib/gcc/arm-none-eabi/7.3.1/thumb/v7e-m/fpv5/hard/crti.o
LOAD c:/ac6/systemworkbench/plugins/fr.ac6.mcu.externaltools.arm-none.win32_1.17.0.201812190825/tools/compiler/bin/../lib/gcc/arm-none-eabi/7.3.1/thumb/v7e-m/fpv5/hard/crtbegin.o
LOAD c:/ac6/systemworkbench/plugins/fr.ac6.mcu.externaltools.arm-none.win32_1.17.0.201812190825/tools/compiler/bin/../lib/gcc/arm-none-eabi/7.3.1/../../../../arm-none-eabi/lib/thumb/v7e-m/fpv5/hard/crt0.o
LOAD src/Custom_Lib.o
LOAD src/EventHandlers.o
LOAD src/FAT16.o
LOAD src/Font.o
LOAD src/SDC.o
LOAD src/TFT.o
LOAD src/main.o
LOAD src/syscalls.o
LOAD src/system_stm32f7xx.o
LOAD startup/startup_stm32f767xx.o
LOAD c:/ac6/systemworkbench/plugins/fr.ac6.mcu.externaltools.arm-none.win32_1.17.0.201812190825/tools/compiler/bin/../lib/gcc/arm-none-eabi/7.3.1/../../../../arm-none-eabi/lib/thumb/v7e-m/fpv5/hard\libstdc++.a
LOAD c:/ac6/systemworkbench/plugins/fr.ac6.mcu.externaltools.arm-none.win32_1.17.0.201812190825/tools/compiler/bin/../lib/gcc/arm-none-eabi/7.3.1/../../../../arm-none-eabi/lib/thumb/v7e-m/fpv5/hard\libm.a
START GROUP
LOAD c:/ac6/systemworkbench/plugins/fr.ac6.mcu.externaltools.arm-none.win32_1.17.0.201812190825/tools/compiler/bin/../lib/gcc/arm-none-eabi/7.3.1/thumb/v7e-m/fpv5/hard\libgcc.a
LOAD c:/ac6/systemworkbench/plugins/fr.ac6.mcu.externaltools.arm-none.win32_1.17.0.201812190825/tools/compiler/bin/../lib/gcc/arm-none-eabi/7.3.1/../../../../arm-none-eabi/lib/thumb/v7e-m/fpv5/hard\libc.a
END GROUP
LOAD c:/ac6/systemworkbench/plugins/fr.ac6.mcu.externaltools.arm-none.win32_1.17.0.201812190825/tools/compiler/bin/../lib/gcc/arm-none-eabi/7.3.1/thumb/v7e-m/fpv5/hard/crtend.o
LOAD c:/ac6/systemworkbench/plugins/fr.ac6.mcu.externaltools.arm-none.win32_1.17.0.201812190825/tools/compiler/bin/../lib/gcc/arm-none-eabi/7.3.1/thumb/v7e-m/fpv5/hard/crtn.o
                0x20080000                _estack = 0x20080000
                0x00000200                _Min_Heap_Size = 0x200
                0x00000400                _Min_Stack_Size = 0x400

.isr_vector     0x08000000      0x1f8
                0x08000000                . = ALIGN (0x4)
 *(.isr_vector)
 .isr_vector    0x08000000      0x1f8 startup/startup_stm32f767xx.o
                0x08000000                g_pfnVectors
                0x080001f8                . = ALIGN (0x4)

.text           0x08000200     0x679c
                0x08000200                . = ALIGN (0x4)
 *(.text)
 .text          0x08000200       0x40 c:/ac6/systemworkbench/plugins/fr.ac6.mcu.externaltools.arm-none.win32_1.17.0.201812190825/tools/compiler/bin/../lib/gcc/arm-none-eabi/7.3.1/thumb/v7e-m/fpv5/hard/crtbegin.o
 .text          0x08000240       0xa0 c:/ac6/systemworkbench/plugins/fr.ac6.mcu.externaltools.arm-none.win32_1.17.0.201812190825/tools/compiler/bin/../lib/gcc/arm-none-eabi/7.3.1/../../../../arm-none-eabi/lib/thumb/v7e-m/fpv5/hard\libc.a(lib_a-memchr.o)
                0x08000240                memchr
 .text          0x080002e0      0x134 c:/ac6/systemworkbench/plugins/fr.ac6.mcu.externaltools.arm-none.win32_1.17.0.201812190825/tools/compiler/bin/../lib/gcc/arm-none-eabi/7.3.1/../../../../arm-none-eabi/lib/thumb/v7e-m/fpv5/hard\libc.a(lib_a-memcpy.o)
                0x080002e0                memcpy
 *fill*         0x08000414       0x2c 
 .text          0x08000440       0xdc c:/ac6/systemworkbench/plugins/fr.ac6.mcu.externaltools.arm-none.win32_1.17.0.201812190825/tools/compiler/bin/../lib/gcc/arm-none-eabi/7.3.1/../../../../arm-none-eabi/lib/thumb/v7e-m/fpv5/hard\libc.a(lib_a-strlen.o)
                0x08000440                strlen
 .text          0x0800051c       0x30 c:/ac6/systemworkbench/plugins/fr.ac6.mcu.externaltools.arm-none.win32_1.17.0.201812190825/tools/compiler/bin/../lib/gcc/arm-none-eabi/7.3.1/thumb/v7e-m/fpv5/hard\libgcc.a(_aeabi_uldivmod.o)
                0x0800051c                __aeabi_uldivmod
 .text          0x0800054c      0x2cc c:/ac6/systemworkbench/plugins/fr.ac6.mcu.externaltools.arm-none.win32_1.17.0.201812190825/tools/compiler/bin/../lib/gcc/arm-none-eabi/7.3.1/thumb/v7e-m/fpv5/hard\libgcc.a(_udivmoddi4.o)
                0x0800054c                __udivmoddi4
 .text          0x08000818        0x4 c:/ac6/systemworkbench/plugins/fr.ac6.mcu.externaltools.arm-none.win32_1.17.0.201812190825/tools/compiler/bin/../lib/gcc/arm-none-eabi/7.3.1/thumb/v7e-m/fpv5/hard\libgcc.a(_dvmd_tls.o)
                0x08000818                __aeabi_idiv0
                0x08000818                __aeabi_ldiv0
 *(.text*)
 .text.SysTick_Config
                0x0800081c       0x30 src/Custom_Lib.o
 .text._msDelay
                0x0800084c       0x2c src/Custom_Lib.o
                0x0800084c                _msDelay
 .text.ClockConfigEx
                0x08000878       0xa0 src/Custom_Lib.o
                0x08000878                ClockConfigEx
 .text.SysTick_Handler
                0x08000918       0xa8 src/Custom_Lib.o
                0x08000918                SysTick_Handler
 .text.InitEvtHandler
                0x080009c0       0x70 src/EventHandlers.o
                0x080009c0                InitEvtHandler
 .text.EXTI15_10_IRQHandler
                0x08000a30       0xc8 src/EventHandlers.o
                0x08000a30                EXTI15_10_IRQHandler
 .text.FAT16_INIT
                0x08000af8      0x528 src/FAT16.o
                0x08000af8                FAT16_INIT
 .text.SPI_Transfer
                0x08001020       0x38 src/SDC.o
                0x08001020                SPI_Transfer
 .text.SPI_SendCMD
                0x08001058       0x64 src/SDC.o
                0x08001058                SPI_SendCMD
 .text.WaitForR1
                0x080010bc       0x26 src/SDC.o
                0x080010bc                WaitForR1
 *fill*         0x080010e2        0x2 
 .text.SDC_INIT
                0x080010e4      0x24c src/SDC.o
                0x080010e4                SDC_INIT
 .text.SDC_SPI_Init
                0x08001330       0x9c src/SDC.o
                0x08001330                SDC_SPI_Init
 .text.Read_SDC
                0x080013cc       0xfc src/SDC.o
                0x080013cc                Read_SDC
 .text.Send_CMD
                0x080014c8       0xc4 src/TFT.o
                0x080014c8                Send_CMD
 .text.Send_Data
                0x0800158c      0x114 src/TFT.o
                0x0800158c                Send_Data
 .text.Paint_Colour
                0x080016a0      0x6f0 src/TFT.o
                0x080016a0                Paint_Colour
 .text.Init_Display
                0x08001d90      0x31c src/TFT.o
                0x08001d90                Init_Display
 .text.Init_TFT
                0x080020ac      0x140 src/TFT.o
                0x080020ac                Init_TFT
 .text.WriteText5x8
                0x080021ec      0x848 src/TFT.o
                0x080021ec                WriteText5x8
 .text.startup.main
                0x08002a34      0x128 src/main.o
                0x08002a34                main
 .text._sbrk    0x08002b5c       0x3c src/syscalls.o
                0x08002b5c                _sbrk
 .text.SystemInit
                0x08002b98       0x50 src/system_stm32f7xx.o
                0x08002b98                SystemInit
 .text.SystemCoreClockUpdate
                0x08002be8       0x70 src/system_stm32f7xx.o
                0x08002be8                SystemCoreClockUpdate
 .text.Reset_Handler
                0x08002c58       0x50 startup/startup_stm32f767xx.o
                0x08002c58                Reset_Handler
 .text.Default_Handler
                0x08002ca8        0x2 startup/startup_stm32f767xx.o
                0x08002ca8                RTC_Alarm_IRQHandler
                0x08002ca8                EXTI2_IRQHandler
                0x08002ca8                TIM8_CC_IRQHandler
                0x08002ca8                DebugMon_Handler
                0x08002ca8                UART8_IRQHandler
                0x08002ca8                SPI4_IRQHandler
                0x08002ca8                TIM1_CC_IRQHandler
                0x08002ca8                DMA2_Stream5_IRQHandler
                0x08002ca8                HardFault_Handler
                0x08002ca8                JPEG_IRQHandler
                0x08002ca8                DMA1_Stream5_IRQHandler
                0x08002ca8                CAN3_RX1_IRQHandler
                0x08002ca8                PVD_IRQHandler
                0x08002ca8                TAMP_STAMP_IRQHandler
                0x08002ca8                PendSV_Handler
                0x08002ca8                NMI_Handler
                0x08002ca8                CAN2_RX1_IRQHandler
                0x08002ca8                EXTI3_IRQHandler
                0x08002ca8                TIM8_TRG_COM_TIM14_IRQHandler
                0x08002ca8                DFSDM1_FLT1_IRQHandler
                0x08002ca8                TIM1_UP_TIM10_IRQHandler
                0x08002ca8                TIM8_UP_TIM13_IRQHandler
                0x08002ca8                I2C3_ER_IRQHandler
                0x08002ca8                DFSDM1_FLT2_IRQHandler
                0x08002ca8                EXTI0_IRQHandler
                0x08002ca8                I2C2_EV_IRQHandler
                0x08002ca8                DMA1_Stream2_IRQHandler
                0x08002ca8                CAN1_RX0_IRQHandler
                0x08002ca8                FPU_IRQHandler
                0x08002ca8                OTG_HS_WKUP_IRQHandler
                0x08002ca8                CAN3_SCE_IRQHandler
                0x08002ca8                UsageFault_Handler
                0x08002ca8                LTDC_ER_IRQHandler
                0x08002ca8                CAN2_SCE_IRQHandler
                0x08002ca8                DMA2_Stream2_IRQHandler
                0x08002ca8                SPI1_IRQHandler
                0x08002ca8                TIM6_DAC_IRQHandler
                0x08002ca8                TIM1_BRK_TIM9_IRQHandler
                0x08002ca8                DCMI_IRQHandler
                0x08002ca8                CAN2_RX0_IRQHandler
                0x08002ca8                DMA2_Stream3_IRQHandler
                0x08002ca8                SAI2_IRQHandler
                0x08002ca8                DFSDM1_FLT3_IRQHandler
                0x08002ca8                USART6_IRQHandler
                0x08002ca8                CAN3_RX0_IRQHandler
                0x08002ca8                USART3_IRQHandler
                0x08002ca8                CAN1_RX1_IRQHandler
                0x08002ca8                UART5_IRQHandler
                0x08002ca8                DMA2_Stream0_IRQHandler
                0x08002ca8                TIM4_IRQHandler
                0x08002ca8                QUADSPI_IRQHandler
                0x08002ca8                I2C1_EV_IRQHandler
                0x08002ca8                DMA1_Stream6_IRQHandler
                0x08002ca8                DMA1_Stream1_IRQHandler
                0x08002ca8                UART4_IRQHandler
                0x08002ca8                TIM3_IRQHandler
                0x08002ca8                RCC_IRQHandler
                0x08002ca8                TIM8_BRK_TIM12_IRQHandler
                0x08002ca8                Default_Handler
                0x08002ca8                CEC_IRQHandler
                0x08002ca8                ADC_IRQHandler
                0x08002ca8                DMA1_Stream7_IRQHandler
                0x08002ca8                SPI5_IRQHandler
                0x08002ca8                TIM7_IRQHandler
                0x08002ca8                SDMMC1_IRQHandler
                0x08002ca8                CAN2_TX_IRQHandler
                0x08002ca8                TIM5_IRQHandler
                0x08002ca8                DMA2_Stream7_IRQHandler
                0x08002ca8                I2C3_EV_IRQHandler
                0x08002ca8                EXTI9_5_IRQHandler
                0x08002ca8                RTC_WKUP_IRQHandler
                0x08002ca8                LTDC_IRQHandler
                0x08002ca8                ETH_WKUP_IRQHandler
                0x08002ca8                SPDIF_RX_IRQHandler
                0x08002ca8                SPI2_IRQHandler
                0x08002ca8                OTG_HS_EP1_IN_IRQHandler
                0x08002ca8                MemManage_Handler
                0x08002ca8                DMA1_Stream0_IRQHandler
                0x08002ca8                CAN1_TX_IRQHandler
                0x08002ca8                SVC_Handler
                0x08002ca8                EXTI4_IRQHandler
                0x08002ca8                RNG_IRQHandler
                0x08002ca8                ETH_IRQHandler
                0x08002ca8                OTG_HS_EP1_OUT_IRQHandler
                0x08002ca8                WWDG_IRQHandler
                0x08002ca8                SPI6_IRQHandler
                0x08002ca8                MDIOS_IRQHandler
                0x08002ca8                I2C4_EV_IRQHandler
                0x08002ca8                CAN3_TX_IRQHandler
                0x08002ca8                TIM2_IRQHandler
                0x08002ca8                OTG_FS_WKUP_IRQHandler
                0x08002ca8                TIM1_TRG_COM_TIM11_IRQHandler
                0x08002ca8                OTG_HS_IRQHandler
                0x08002ca8                DMA2D_IRQHandler
                0x08002ca8                EXTI1_IRQHandler
                0x08002ca8                SDMMC2_IRQHandler
                0x08002ca8                UART7_IRQHandler
                0x08002ca8                USART2_IRQHandler
                0x08002ca8                DFSDM1_FLT0_IRQHandler
                0x08002ca8                I2C2_ER_IRQHandler
                0x08002ca8                DMA2_Stream1_IRQHandler
                0x08002ca8                CAN1_SCE_IRQHandler
                0x08002ca8                FLASH_IRQHandler
                0x08002ca8                DMA2_Stream4_IRQHandler
                0x08002ca8                BusFault_Handler
                0x08002ca8                USART1_IRQHandler
                0x08002ca8                OTG_FS_IRQHandler
                0x08002ca8                SPI3_IRQHandler
                0x08002ca8                DMA1_Stream4_IRQHandler
                0x08002ca8                I2C1_ER_IRQHandler
                0x08002ca8                FMC_IRQHandler
                0x08002ca8                LPTIM1_IRQHandler
                0x08002ca8                I2C4_ER_IRQHandler
                0x08002ca8                DMA2_Stream6_IRQHandler
                0x08002ca8                SAI1_IRQHandler
                0x08002ca8                DMA1_Stream3_IRQHandler
 *fill*         0x08002caa        0x2 
 .text.__errno  0x08002cac        0xc c:/ac6/systemworkbench/plugins/fr.ac6.mcu.externaltools.arm-none.win32_1.17.0.201812190825/tools/compiler/bin/../lib/gcc/arm-none-eabi/7.3.1/../../../../arm-none-eabi/lib/thumb/v7e-m/fpv5/hard\libc.a(lib_a-errno.o)
                0x08002cac                __errno
 .text.__libc_init_array
                0x08002cb8       0x48 c:/ac6/systemworkbench/plugins/fr.ac6.mcu.externaltools.arm-none.win32_1.17.0.201812190825/tools/compiler/bin/../lib/gcc/arm-none-eabi/7.3.1/../../../../arm-none-eabi/lib/thumb/v7e-m/fpv5/hard\libc.a(lib_a-init.o)
                0x08002cb8                __libc_init_array
 .text.memset   0x08002d00       0x94 c:/ac6/systemworkbench/plugins/fr.ac6.mcu.externaltools.arm-none.win32_1.17.0.201812190825/tools/compiler/bin/../lib/gcc/arm-none-eabi/7.3.1/../../../../arm-none-eabi/lib/thumb/v7e-m/fpv5/hard\libc.a(lib_a-memset.o)
                0x08002d00                memset
 .text.sprintf  0x08002d94       0x44 c:/ac6/systemworkbench/plugins/fr.ac6.mcu.externaltools.arm-none.win32_1.17.0.201812190825/tools/compiler/bin/../lib/gcc/arm-none-eabi/7.3.1/../../../../arm-none-eabi/lib/thumb/v7e-m/fpv5/hard\libc.a(lib_a-sprintf.o)
                0x08002d94                sprintf
 .text._svfprintf_r
                0x08002dd8     0x1870 c:/ac6/systemworkbench/plugins/fr.ac6.mcu.externaltools.arm-none.win32_1.17.0.201812190825/tools/compiler/bin/../lib/gcc/arm-none-eabi/7.3.1/../../../../arm-none-eabi/lib/thumb/v7e-m/fpv5/hard\libc.a(lib_a-svfprintf.o)
                0x08002dd8                _svfprintf_r
 .text.startup.register_fini
                0x08004648       0x14 c:/ac6/systemworkbench/plugins/fr.ac6.mcu.externaltools.arm-none.win32_1.17.0.201812190825/tools/compiler/bin/../lib/gcc/arm-none-eabi/7.3.1/../../../../arm-none-eabi/lib/thumb/v7e-m/fpv5/hard\libc.a(lib_a-__call_atexit.o)
 .text.atexit   0x0800465c        0xc c:/ac6/systemworkbench/plugins/fr.ac6.mcu.externaltools.arm-none.win32_1.17.0.201812190825/tools/compiler/bin/../lib/gcc/arm-none-eabi/7.3.1/../../../../arm-none-eabi/lib/thumb/v7e-m/fpv5/hard\libc.a(lib_a-atexit.o)
                0x0800465c                atexit
 .text.quorem   0x08004668      0x124 c:/ac6/systemworkbench/plugins/fr.ac6.mcu.externaltools.arm-none.win32_1.17.0.201812190825/tools/compiler/bin/../lib/gcc/arm-none-eabi/7.3.1/../../../../arm-none-eabi/lib/thumb/v7e-m/fpv5/hard\libc.a(lib_a-dtoa.o)
 *fill*         0x0800478c        0x4 
 .text._dtoa_r  0x08004790      0xc1c c:/ac6/systemworkbench/plugins/fr.ac6.mcu.externaltools.arm-none.win32_1.17.0.201812190825/tools/compiler/bin/../lib/gcc/arm-none-eabi/7.3.1/../../../../arm-none-eabi/lib/thumb/v7e-m/fpv5/hard\libc.a(lib_a-dtoa.o)
                0x08004790                _dtoa_r
 .text.__libc_fini_array
                0x080053ac       0x34 c:/ac6/systemworkbench/plugins/fr.ac6.mcu.externaltools.arm-none.win32_1.17.0.201812190825/tools/compiler/bin/../lib/gcc/arm-none-eabi/7.3.1/../../../../arm-none-eabi/lib/thumb/v7e-m/fpv5/hard\libc.a(lib_a-fini.o)
                0x080053ac                __libc_fini_array
 .text._malloc_trim_r
                0x080053e0       0xa0 c:/ac6/systemworkbench/plugins/fr.ac6.mcu.externaltools.arm-none.win32_1.17.0.201812190825/tools/compiler/bin/../lib/gcc/arm-none-eabi/7.3.1/../../../../arm-none-eabi/lib/thumb/v7e-m/fpv5/hard\libc.a(lib_a-freer.o)
                0x080053e0                _malloc_trim_r
 .text._free_r  0x08005480      0x1e8 c:/ac6/systemworkbench/plugins/fr.ac6.mcu.externaltools.arm-none.win32_1.17.0.201812190825/tools/compiler/bin/../lib/gcc/arm-none-eabi/7.3.1/../../../../arm-none-eabi/lib/thumb/v7e-m/fpv5/hard\libc.a(lib_a-freer.o)
                0x08005480                _free_r
 .text._localeconv_r
                0x08005668       0x1c c:/ac6/systemworkbench/plugins/fr.ac6.mcu.externaltools.arm-none.win32_1.17.0.201812190825/tools/compiler/bin/../lib/gcc/arm-none-eabi/7.3.1/../../../../arm-none-eabi/lib/thumb/v7e-m/fpv5/hard\libc.a(lib_a-localeconv.o)
                0x08005668                _localeconv_r
 .text.__retarget_lock_acquire_recursive
                0x08005684        0x4 c:/ac6/systemworkbench/plugins/fr.ac6.mcu.externaltools.arm-none.win32_1.17.0.201812190825/tools/compiler/bin/../lib/gcc/arm-none-eabi/7.3.1/../../../../arm-none-eabi/lib/thumb/v7e-m/fpv5/hard\libc.a(lib_a-lock.o)
                0x08005684                __retarget_lock_acquire_recursive
 .text.__retarget_lock_release_recursive
                0x08005688        0x4 c:/ac6/systemworkbench/plugins/fr.ac6.mcu.externaltools.arm-none.win32_1.17.0.201812190825/tools/compiler/bin/../lib/gcc/arm-none-eabi/7.3.1/../../../../arm-none-eabi/lib/thumb/v7e-m/fpv5/hard\libc.a(lib_a-lock.o)
                0x08005688                __retarget_lock_release_recursive
 .text._malloc_r
                0x0800568c      0x548 c:/ac6/systemworkbench/plugins/fr.ac6.mcu.externaltools.arm-none.win32_1.17.0.201812190825/tools/compiler/bin/../lib/gcc/arm-none-eabi/7.3.1/../../../../arm-none-eabi/lib/thumb/v7e-m/fpv5/hard\libc.a(lib_a-mallocr.o)
                0x0800568c                _malloc_r
 .text.__malloc_lock
                0x08005bd4        0xc c:/ac6/systemworkbench/plugins/fr.ac6.mcu.externaltools.arm-none.win32_1.17.0.201812190825/tools/compiler/bin/../lib/gcc/arm-none-eabi/7.3.1/../../../../arm-none-eabi/lib/thumb/v7e-m/fpv5/hard\libc.a(lib_a-mlock.o)
                0x08005bd4                __malloc_lock
 .text.__malloc_unlock
                0x08005be0        0xc c:/ac6/systemworkbench/plugins/fr.ac6.mcu.externaltools.arm-none.win32_1.17.0.201812190825/tools/compiler/bin/../lib/gcc/arm-none-eabi/7.3.1/../../../../arm-none-eabi/lib/thumb/v7e-m/fpv5/hard\libc.a(lib_a-mlock.o)
                0x08005be0                __malloc_unlock
 .text._Balloc  0x08005bec       0x4c c:/ac6/systemworkbench/plugins/fr.ac6.mcu.externaltools.arm-none.win32_1.17.0.201812190825/tools/compiler/bin/../lib/gcc/arm-none-eabi/7.3.1/../../../../arm-none-eabi/lib/thumb/v7e-m/fpv5/hard\libc.a(lib_a-mprec.o)
                0x08005bec                _Balloc
 .text._Bfree   0x08005c38       0x14 c:/ac6/systemworkbench/plugins/fr.ac6.mcu.externaltools.arm-none.win32_1.17.0.201812190825/tools/compiler/bin/../lib/gcc/arm-none-eabi/7.3.1/../../../../arm-none-eabi/lib/thumb/v7e-m/fpv5/hard\libc.a(lib_a-mprec.o)
                0x08005c38                _Bfree
 .text.__multadd
                0x08005c4c       0x80 c:/ac6/systemworkbench/plugins/fr.ac6.mcu.externaltools.arm-none.win32_1.17.0.201812190825/tools/compiler/bin/../lib/gcc/arm-none-eabi/7.3.1/../../../../arm-none-eabi/lib/thumb/v7e-m/fpv5/hard\libc.a(lib_a-mprec.o)
                0x08005c4c                __multadd
 .text.__hi0bits
                0x08005ccc       0x40 c:/ac6/systemworkbench/plugins/fr.ac6.mcu.externaltools.arm-none.win32_1.17.0.201812190825/tools/compiler/bin/../lib/gcc/arm-none-eabi/7.3.1/../../../../arm-none-eabi/lib/thumb/v7e-m/fpv5/hard\libc.a(lib_a-mprec.o)
                0x08005ccc                __hi0bits
 .text.__lo0bits
                0x08005d0c       0x60 c:/ac6/systemworkbench/plugins/fr.ac6.mcu.externaltools.arm-none.win32_1.17.0.201812190825/tools/compiler/bin/../lib/gcc/arm-none-eabi/7.3.1/../../../../arm-none-eabi/lib/thumb/v7e-m/fpv5/hard\libc.a(lib_a-mprec.o)
                0x08005d0c                __lo0bits
 .text.__i2b    0x08005d6c       0x14 c:/ac6/systemworkbench/plugins/fr.ac6.mcu.externaltools.arm-none.win32_1.17.0.201812190825/tools/compiler/bin/../lib/gcc/arm-none-eabi/7.3.1/../../../../arm-none-eabi/lib/thumb/v7e-m/fpv5/hard\libc.a(lib_a-mprec.o)
                0x08005d6c                __i2b
 .text.__multiply
                0x08005d80      0x14c c:/ac6/systemworkbench/plugins/fr.ac6.mcu.externaltools.arm-none.win32_1.17.0.201812190825/tools/compiler/bin/../lib/gcc/arm-none-eabi/7.3.1/../../../../arm-none-eabi/lib/thumb/v7e-m/fpv5/hard\libc.a(lib_a-mprec.o)
                0x08005d80                __multiply
 .text.__pow5mult
                0x08005ecc       0xa0 c:/ac6/systemworkbench/plugins/fr.ac6.mcu.externaltools.arm-none.win32_1.17.0.201812190825/tools/compiler/bin/../lib/gcc/arm-none-eabi/7.3.1/../../../../arm-none-eabi/lib/thumb/v7e-m/fpv5/hard\libc.a(lib_a-mprec.o)
                0x08005ecc                __pow5mult
 .text.__lshift
                0x08005f6c       0xac c:/ac6/systemworkbench/plugins/fr.ac6.mcu.externaltools.arm-none.win32_1.17.0.201812190825/tools/compiler/bin/../lib/gcc/arm-none-eabi/7.3.1/../../../../arm-none-eabi/lib/thumb/v7e-m/fpv5/hard\libc.a(lib_a-mprec.o)
                0x08005f6c                __lshift
 .text.__mcmp   0x08006018       0x38 c:/ac6/systemworkbench/plugins/fr.ac6.mcu.externaltools.arm-none.win32_1.17.0.201812190825/tools/compiler/bin/../lib/gcc/arm-none-eabi/7.3.1/../../../../arm-none-eabi/lib/thumb/v7e-m/fpv5/hard\libc.a(lib_a-mprec.o)
                0x08006018                __mcmp
 .text.__mdiff  0x08006050       0xec c:/ac6/systemworkbench/plugins/fr.ac6.mcu.externaltools.arm-none.win32_1.17.0.201812190825/tools/compiler/bin/../lib/gcc/arm-none-eabi/7.3.1/../../../../arm-none-eabi/lib/thumb/v7e-m/fpv5/hard\libc.a(lib_a-mprec.o)
                0x08006050                __mdiff
 .text.__d2b    0x0800613c       0xc4 c:/ac6/systemworkbench/plugins/fr.ac6.mcu.externaltools.arm-none.win32_1.17.0.201812190825/tools/compiler/bin/../lib/gcc/arm-none-eabi/7.3.1/../../../../arm-none-eabi/lib/thumb/v7e-m/fpv5/hard\libc.a(lib_a-mprec.o)
                0x0800613c                __d2b
 .text.frexp    0x08006200       0x74 c:/ac6/systemworkbench/plugins/fr.ac6.mcu.externaltools.arm-none.win32_1.17.0.201812190825/tools/compiler/bin/../lib/gcc/arm-none-eabi/7.3.1/../../../../arm-none-eabi/lib/thumb/v7e-m/fpv5/hard\libc.a(lib_a-s_frexp.o)
                0x08006200                frexp
 .text._sbrk_r  0x08006274       0x24 c:/ac6/systemworkbench/plugins/fr.ac6.mcu.externaltools.arm-none.win32_1.17.0.201812190825/tools/compiler/bin/../lib/gcc/arm-none-eabi/7.3.1/../../../../arm-none-eabi/lib/thumb/v7e-m/fpv5/hard\libc.a(lib_a-sbrkr.o)
                0x08006274                _sbrk_r
 .text.strncpy  0x08006298       0x64 c:/ac6/systemworkbench/plugins/fr.ac6.mcu.externaltools.arm-none.win32_1.17.0.201812190825/tools/compiler/bin/../lib/gcc/arm-none-eabi/7.3.1/../../../../arm-none-eabi/lib/thumb/v7e-m/fpv5/hard\libc.a(lib_a-strncpy.o)
                0x08006298                strncpy
 .text.__ssprint_r
                0x080062fc       0xf4 c:/ac6/systemworkbench/plugins/fr.ac6.mcu.externaltools.arm-none.win32_1.17.0.201812190825/tools/compiler/bin/../lib/gcc/arm-none-eabi/7.3.1/../../../../arm-none-eabi/lib/thumb/v7e-m/fpv5/hard\libc.a(lib_a-svfiprintf.o)
                0x080062fc                __ssprint_r
 .text.__register_exitproc
                0x080063f0       0xc0 c:/ac6/systemworkbench/plugins/fr.ac6.mcu.externaltools.arm-none.win32_1.17.0.201812190825/tools/compiler/bin/../lib/gcc/arm-none-eabi/7.3.1/../../../../arm-none-eabi/lib/thumb/v7e-m/fpv5/hard\libc.a(lib_a-__atexit.o)
                0x080063f0                __register_exitproc
 .text._calloc_r
                0x080064b0       0x68 c:/ac6/systemworkbench/plugins/fr.ac6.mcu.externaltools.arm-none.win32_1.17.0.201812190825/tools/compiler/bin/../lib/gcc/arm-none-eabi/7.3.1/../../../../arm-none-eabi/lib/thumb/v7e-m/fpv5/hard\libc.a(lib_a-callocr.o)
                0x080064b0                _calloc_r
 .text.__ascii_mbtowc
                0x08006518       0x2c c:/ac6/systemworkbench/plugins/fr.ac6.mcu.externaltools.arm-none.win32_1.17.0.201812190825/tools/compiler/bin/../lib/gcc/arm-none-eabi/7.3.1/../../../../arm-none-eabi/lib/thumb/v7e-m/fpv5/hard\libc.a(lib_a-mbtowc_r.o)
                0x08006518                __ascii_mbtowc
 .text.memmove  0x08006544       0xc8 c:/ac6/systemworkbench/plugins/fr.ac6.mcu.externaltools.arm-none.win32_1.17.0.201812190825/tools/compiler/bin/../lib/gcc/arm-none-eabi/7.3.1/../../../../arm-none-eabi/lib/thumb/v7e-m/fpv5/hard\libc.a(lib_a-memmove.o)
                0x08006544                memmove
 .text._realloc_r
                0x0800660c      0x35c c:/ac6/systemworkbench/plugins/fr.ac6.mcu.externaltools.arm-none.win32_1.17.0.201812190825/tools/compiler/bin/../lib/gcc/arm-none-eabi/7.3.1/../../../../arm-none-eabi/lib/thumb/v7e-m/fpv5/hard\libc.a(lib_a-reallocr.o)
                0x0800660c                _realloc_r
 .text.__ascii_wctomb
                0x08006968       0x1c c:/ac6/systemworkbench/plugins/fr.ac6.mcu.externaltools.arm-none.win32_1.17.0.201812190825/tools/compiler/bin/../lib/gcc/arm-none-eabi/7.3.1/../../../../arm-none-eabi/lib/thumb/v7e-m/fpv5/hard\libc.a(lib_a-wctomb_r.o)
                0x08006968                __ascii_wctomb
 *(.glue_7)
 .glue_7        0x08006984        0x0 linker stubs
 *(.glue_7t)
 .glue_7t       0x08006984        0x0 linker stubs
 *(.eh_frame)
 .eh_frame      0x08006984        0x0 c:/ac6/systemworkbench/plugins/fr.ac6.mcu.externaltools.arm-none.win32_1.17.0.201812190825/tools/compiler/bin/../lib/gcc/arm-none-eabi/7.3.1/thumb/v7e-m/fpv5/hard/crtbegin.o
 *(.init)
 .init          0x08006984        0x4 c:/ac6/systemworkbench/plugins/fr.ac6.mcu.externaltools.arm-none.win32_1.17.0.201812190825/tools/compiler/bin/../lib/gcc/arm-none-eabi/7.3.1/thumb/v7e-m/fpv5/hard/crti.o
                0x08006984                _init
 .init          0x08006988        0x8 c:/ac6/systemworkbench/plugins/fr.ac6.mcu.externaltools.arm-none.win32_1.17.0.201812190825/tools/compiler/bin/../lib/gcc/arm-none-eabi/7.3.1/thumb/v7e-m/fpv5/hard/crtn.o
 *(.fini)
 .fini          0x08006990        0x4 c:/ac6/systemworkbench/plugins/fr.ac6.mcu.externaltools.arm-none.win32_1.17.0.201812190825/tools/compiler/bin/../lib/gcc/arm-none-eabi/7.3.1/thumb/v7e-m/fpv5/hard/crti.o
                0x08006990                _fini
 .fini          0x08006994        0x8 c:/ac6/systemworkbench/plugins/fr.ac6.mcu.externaltools.arm-none.win32_1.17.0.201812190825/tools/compiler/bin/../lib/gcc/arm-none-eabi/7.3.1/thumb/v7e-m/fpv5/hard/crtn.o
                0x0800699c                . = ALIGN (0x4)
                0x0800699c                _etext = .

.vfp11_veneer   0x0800699c        0x0
 .vfp11_veneer  0x0800699c        0x0 linker stubs

.v4_bx          0x0800699c        0x0
 .v4_bx         0x0800699c        0x0 linker stubs

.iplt           0x0800699c        0x0
 .iplt          0x0800699c        0x0 c:/ac6/systemworkbench/plugins/fr.ac6.mcu.externaltools.arm-none.win32_1.17.0.201812190825/tools/compiler/bin/../lib/gcc/arm-none-eabi/7.3.1/thumb/v7e-m/fpv5/hard/crtbegin.o

.rodata         0x080069a0      0x598
                0x080069a0                . = ALIGN (0x4)
 *(.rodata)
 .rodata        0x080069a0       0xef src/SDC.o
 *fill*         0x08006a8f        0x1 
 .rodata        0x08006a90        0x8 src/TFT.o
 .rodata        0x08006a98       0x18 src/system_stm32f7xx.o
                0x08006a98                AHBPrescTable
                0x08006aa8                APBPrescTable
 *(.rodata*)
 .rodata.str1.4
                0x08006ab0      0x1b1 src/FAT16.o
 *fill*         0x08006c61        0x3 
 .rodata.str1.4
                0x08006c64       0x45 src/main.o
 *fill*         0x08006ca9        0x3 
 .rodata._global_impure_ptr
                0x08006cac        0x4 c:/ac6/systemworkbench/plugins/fr.ac6.mcu.externaltools.arm-none.win32_1.17.0.201812190825/tools/compiler/bin/../lib/gcc/arm-none-eabi/7.3.1/../../../../arm-none-eabi/lib/thumb/v7e-m/fpv5/hard\libc.a(lib_a-impure.o)
                0x08006cac                _global_impure_ptr
 .rodata._svfprintf_r.str1.4
                0x08006cb0       0x42 c:/ac6/systemworkbench/plugins/fr.ac6.mcu.externaltools.arm-none.win32_1.17.0.201812190825/tools/compiler/bin/../lib/gcc/arm-none-eabi/7.3.1/../../../../arm-none-eabi/lib/thumb/v7e-m/fpv5/hard\libc.a(lib_a-svfprintf.o)
 *fill*         0x08006cf2        0x2 
 .rodata.blanks.8590
                0x08006cf4       0x10 c:/ac6/systemworkbench/plugins/fr.ac6.mcu.externaltools.arm-none.win32_1.17.0.201812190825/tools/compiler/bin/../lib/gcc/arm-none-eabi/7.3.1/../../../../arm-none-eabi/lib/thumb/v7e-m/fpv5/hard\libc.a(lib_a-svfprintf.o)
 .rodata.zeroes.8591
                0x08006d04       0x10 c:/ac6/systemworkbench/plugins/fr.ac6.mcu.externaltools.arm-none.win32_1.17.0.201812190825/tools/compiler/bin/../lib/gcc/arm-none-eabi/7.3.1/../../../../arm-none-eabi/lib/thumb/v7e-m/fpv5/hard\libc.a(lib_a-svfprintf.o)
 .rodata._dtoa_r.str1.4
                0x08006d14       0x10 c:/ac6/systemworkbench/plugins/fr.ac6.mcu.externaltools.arm-none.win32_1.17.0.201812190825/tools/compiler/bin/../lib/gcc/arm-none-eabi/7.3.1/../../../../arm-none-eabi/lib/thumb/v7e-m/fpv5/hard\libc.a(lib_a-dtoa.o)
                                 0x12 (size before relaxing)
 *fill*         0x08006d24        0x4 
 .rodata.__mprec_bigtens
                0x08006d28       0x28 c:/ac6/systemworkbench/plugins/fr.ac6.mcu.externaltools.arm-none.win32_1.17.0.201812190825/tools/compiler/bin/../lib/gcc/arm-none-eabi/7.3.1/../../../../arm-none-eabi/lib/thumb/v7e-m/fpv5/hard\libc.a(lib_a-mprec.o)
                0x08006d28                __mprec_bigtens
 .rodata.__mprec_tens
                0x08006d50       0xc8 c:/ac6/systemworkbench/plugins/fr.ac6.mcu.externaltools.arm-none.win32_1.17.0.201812190825/tools/compiler/bin/../lib/gcc/arm-none-eabi/7.3.1/../../../../arm-none-eabi/lib/thumb/v7e-m/fpv5/hard\libc.a(lib_a-mprec.o)
                0x08006d50                __mprec_tens
 .rodata.p05.7367
                0x08006e18        0xc c:/ac6/systemworkbench/plugins/fr.ac6.mcu.externaltools.arm-none.win32_1.17.0.201812190825/tools/compiler/bin/../lib/gcc/arm-none-eabi/7.3.1/../../../../arm-none-eabi/lib/thumb/v7e-m/fpv5/hard\libc.a(lib_a-mprec.o)
 .rodata._setlocale_r.str1.4
                0x08006e24        0xa c:/ac6/systemworkbench/plugins/fr.ac6.mcu.externaltools.arm-none.win32_1.17.0.201812190825/tools/compiler/bin/../lib/gcc/arm-none-eabi/7.3.1/../../../../arm-none-eabi/lib/thumb/v7e-m/fpv5/hard\libc.a(lib_a-locale.o)
                                  0xd (size before relaxing)
 *fill*         0x08006e2e        0x2 
 .rodata.str1.4
                0x08006e30        0x4 c:/ac6/systemworkbench/plugins/fr.ac6.mcu.externaltools.arm-none.win32_1.17.0.201812190825/tools/compiler/bin/../lib/gcc/arm-none-eabi/7.3.1/../../../../arm-none-eabi/lib/thumb/v7e-m/fpv5/hard\libc.a(lib_a-locale.o)
                                  0x2 (size before relaxing)
 .rodata._ctype_
                0x08006e34      0x101 c:/ac6/systemworkbench/plugins/fr.ac6.mcu.externaltools.arm-none.win32_1.17.0.201812190825/tools/compiler/bin/../lib/gcc/arm-none-eabi/7.3.1/../../../../arm-none-eabi/lib/thumb/v7e-m/fpv5/hard\libc.a(lib_a-ctype_.o)
                0x08006e34                _ctype_
                0x08006f38                . = ALIGN (0x4)
 *fill*         0x08006f35        0x3 

.ARM.extab
 *(.ARM.extab* .gnu.linkonce.armextab.*)

.ARM            0x08006f38        0x8
                0x08006f38                __exidx_start = .
 *(.ARM.exidx*)
 .ARM.exidx     0x08006f38        0x8 c:/ac6/systemworkbench/plugins/fr.ac6.mcu.externaltools.arm-none.win32_1.17.0.201812190825/tools/compiler/bin/../lib/gcc/arm-none-eabi/7.3.1/thumb/v7e-m/fpv5/hard\libgcc.a(_udivmoddi4.o)
                0x08006f40                __exidx_end = .

.rel.dyn        0x08006f40        0x0
 .rel.iplt      0x08006f40        0x0 c:/ac6/systemworkbench/plugins/fr.ac6.mcu.externaltools.arm-none.win32_1.17.0.201812190825/tools/compiler/bin/../lib/gcc/arm-none-eabi/7.3.1/thumb/v7e-m/fpv5/hard/crtbegin.o

.preinit_array  0x08006f40        0x0
                0x08006f40                PROVIDE (__preinit_array_start = .)
 *(.preinit_array*)
                0x08006f40                PROVIDE (__preinit_array_end = .)

.init_array     0x08006f40        0x8
                0x08006f40                PROVIDE (__init_array_start = .)
 *(SORT_BY_NAME(.init_array.*))
 .init_array.00000
                0x08006f40        0x4 c:/ac6/systemworkbench/plugins/fr.ac6.mcu.externaltools.arm-none.win32_1.17.0.201812190825/tools/compiler/bin/../lib/gcc/arm-none-eabi/7.3.1/../../../../arm-none-eabi/lib/thumb/v7e-m/fpv5/hard\libc.a(lib_a-__call_atexit.o)
 *(.init_array*)
 .init_array    0x08006f44        0x4 c:/ac6/systemworkbench/plugins/fr.ac6.mcu.externaltools.arm-none.win32_1.17.0.201812190825/tools/compiler/bin/../lib/gcc/arm-none-eabi/7.3.1/thumb/v7e-m/fpv5/hard/crtbegin.o
                0x08006f48                PROVIDE (__init_array_end = .)

.fini_array     0x08006f48        0x4
                0x08006f48                PROVIDE (__fini_array_start = .)
 *(SORT_BY_NAME(.fini_array.*))
 *(.fini_array*)
 .fini_array    0x08006f48        0x4 c:/ac6/systemworkbench/plugins/fr.ac6.mcu.externaltools.arm-none.win32_1.17.0.201812190825/tools/compiler/bin/../lib/gcc/arm-none-eabi/7.3.1/thumb/v7e-m/fpv5/hard/crtbegin.o
                0x08006f4c                PROVIDE (__fini_array_end = .)
                0x08006f4c                _sidata = LOADADDR (.data)

.data           0x20000000      0xb90 load address 0x08006f4c
                0x20000000                . = ALIGN (0x4)
                0x20000000                _sdata = .
 *(.data)
 .data          0x20000000      0x1db src/Font.o
                0x20000000                TEXT5x8
 *fill*         0x200001db        0x1 
 .data          0x200001dc        0x4 src/system_stm32f7xx.o
                0x200001dc                SystemCoreClock
 *(.data*)
 .data._impure_ptr
                0x200001e0        0x4 c:/ac6/systemworkbench/plugins/fr.ac6.mcu.externaltools.arm-none.win32_1.17.0.201812190825/tools/compiler/bin/../lib/gcc/arm-none-eabi/7.3.1/../../../../arm-none-eabi/lib/thumb/v7e-m/fpv5/hard\libc.a(lib_a-impure.o)
                0x200001e0                _impure_ptr
 *fill*         0x200001e4        0x4 
 .data.impure_data
                0x200001e8      0x428 c:/ac6/systemworkbench/plugins/fr.ac6.mcu.externaltools.arm-none.win32_1.17.0.201812190825/tools/compiler/bin/../lib/gcc/arm-none-eabi/7.3.1/../../../../arm-none-eabi/lib/thumb/v7e-m/fpv5/hard\libc.a(lib_a-impure.o)
 .data.__atexit_recursive_mutex
                0x20000610        0x4 c:/ac6/systemworkbench/plugins/fr.ac6.mcu.externaltools.arm-none.win32_1.17.0.201812190825/tools/compiler/bin/../lib/gcc/arm-none-eabi/7.3.1/../../../../arm-none-eabi/lib/thumb/v7e-m/fpv5/hard\libc.a(lib_a-__call_atexit.o)
                0x20000610                __atexit_recursive_mutex
 .data.__malloc_av_
                0x20000614      0x408 c:/ac6/systemworkbench/plugins/fr.ac6.mcu.externaltools.arm-none.win32_1.17.0.201812190825/tools/compiler/bin/../lib/gcc/arm-none-eabi/7.3.1/../../../../arm-none-eabi/lib/thumb/v7e-m/fpv5/hard\libc.a(lib_a-mallocr.o)
                0x20000614                __malloc_av_
 .data.__malloc_sbrk_base
                0x20000a1c        0x4 c:/ac6/systemworkbench/plugins/fr.ac6.mcu.externaltools.arm-none.win32_1.17.0.201812190825/tools/compiler/bin/../lib/gcc/arm-none-eabi/7.3.1/../../../../arm-none-eabi/lib/thumb/v7e-m/fpv5/hard\libc.a(lib_a-mallocr.o)
                0x20000a1c                __malloc_sbrk_base
 .data.__malloc_trim_threshold
                0x20000a20        0x4 c:/ac6/systemworkbench/plugins/fr.ac6.mcu.externaltools.arm-none.win32_1.17.0.201812190825/tools/compiler/bin/../lib/gcc/arm-none-eabi/7.3.1/../../../../arm-none-eabi/lib/thumb/v7e-m/fpv5/hard\libc.a(lib_a-mallocr.o)
                0x20000a20                __malloc_trim_threshold
 .data.__global_locale
                0x20000a24      0x16c c:/ac6/systemworkbench/plugins/fr.ac6.mcu.externaltools.arm-none.win32_1.17.0.201812190825/tools/compiler/bin/../lib/gcc/arm-none-eabi/7.3.1/../../../../arm-none-eabi/lib/thumb/v7e-m/fpv5/hard\libc.a(lib_a-locale.o)
                0x20000a24                __global_locale
                0x20000b90                . = ALIGN (0x4)
                0x20000b90                _edata = .

.igot.plt       0x20000b90        0x0 load address 0x08007adc
 .igot.plt      0x20000b90        0x0 c:/ac6/systemworkbench/plugins/fr.ac6.mcu.externaltools.arm-none.win32_1.17.0.201812190825/tools/compiler/bin/../lib/gcc/arm-none-eabi/7.3.1/thumb/v7e-m/fpv5/hard/crtbegin.o
                0x20000b90                . = ALIGN (0x4)

.bss            0x20000b90      0x2ec load address 0x08007adc
                0x20000b90                _sbss = .
                0x20000b90                __bss_start__ = _sbss
 *(.bss)
 .bss           0x20000b90       0x1c c:/ac6/systemworkbench/plugins/fr.ac6.mcu.externaltools.arm-none.win32_1.17.0.201812190825/tools/compiler/bin/../lib/gcc/arm-none-eabi/7.3.1/thumb/v7e-m/fpv5/hard/crtbegin.o
 .bss           0x20000bac      0x26c src/main.o
                0x20000bac                sec
                0x20000bae                min
                0x20000bb0                hour
                0x20000bb2                RaiseCount
                0x20000bb4                ClickTimeStamp
                0x20000bbc                ClickEvent
                0x20000bbe                FallCount
                0x20000bc0                fileInfo
                0x20000bd4                mBR
                0x20000bf8                DataEntry
                0x20000bfc                RootDirEntry
                0x20000c00                FAT2Entry
                0x20000c04                FAT1Entry
                0x20000c08                partitionEntry
                0x20000c0c                addressPointer
                0x20000c10                SectorCounter
                0x20000c14                ReadData
                0x20000e14                delayCounts
                0x20000e16                mSec
 .bss           0x20000e18        0x8 src/syscalls.o
                0x20000e1c                __env
 *(.bss*)
 .bss.__malloc_current_mallinfo
                0x20000e20       0x28 c:/ac6/systemworkbench/plugins/fr.ac6.mcu.externaltools.arm-none.win32_1.17.0.201812190825/tools/compiler/bin/../lib/gcc/arm-none-eabi/7.3.1/../../../../arm-none-eabi/lib/thumb/v7e-m/fpv5/hard\libc.a(lib_a-mallocr.o)
                0x20000e20                __malloc_current_mallinfo
 .bss.__malloc_max_sbrked_mem
                0x20000e48        0x4 c:/ac6/systemworkbench/plugins/fr.ac6.mcu.externaltools.arm-none.win32_1.17.0.201812190825/tools/compiler/bin/../lib/gcc/arm-none-eabi/7.3.1/../../../../arm-none-eabi/lib/thumb/v7e-m/fpv5/hard\libc.a(lib_a-mallocr.o)
                0x20000e48                __malloc_max_sbrked_mem
 .bss.__malloc_max_total_mem
                0x20000e4c        0x4 c:/ac6/systemworkbench/plugins/fr.ac6.mcu.externaltools.arm-none.win32_1.17.0.201812190825/tools/compiler/bin/../lib/gcc/arm-none-eabi/7.3.1/../../../../arm-none-eabi/lib/thumb/v7e-m/fpv5/hard\libc.a(lib_a-mallocr.o)
                0x20000e4c                __malloc_max_total_mem
 .bss.__malloc_top_pad
                0x20000e50        0x4 c:/ac6/systemworkbench/plugins/fr.ac6.mcu.externaltools.arm-none.win32_1.17.0.201812190825/tools/compiler/bin/../lib/gcc/arm-none-eabi/7.3.1/../../../../arm-none-eabi/lib/thumb/v7e-m/fpv5/hard\libc.a(lib_a-mallocr.o)
                0x20000e50                __malloc_top_pad
 *(COMMON)
 COMMON         0x20000e54       0x21 c:/ac6/systemworkbench/plugins/fr.ac6.mcu.externaltools.arm-none.win32_1.17.0.201812190825/tools/compiler/bin/../lib/gcc/arm-none-eabi/7.3.1/../../../../arm-none-eabi/lib/thumb/v7e-m/fpv5/hard\libc.a(lib_a-lock.o)
                0x20000e54                __lock___atexit_recursive_mutex
                0x20000e58                __lock___arc4random_mutex
                0x20000e5c                __lock___env_recursive_mutex
                0x20000e60                __lock___sinit_recursive_mutex
                0x20000e64                __lock___malloc_recursive_mutex
                0x20000e68                __lock___at_quick_exit_mutex
                0x20000e6c                __lock___dd_hash_mutex
                0x20000e70                __lock___tz_mutex
                0x20000e74                __lock___sfp_recursive_mutex
 *fill*         0x20000e75        0x3 
 COMMON         0x20000e78        0x4 c:/ac6/systemworkbench/plugins/fr.ac6.mcu.externaltools.arm-none.win32_1.17.0.201812190825/tools/compiler/bin/../lib/gcc/arm-none-eabi/7.3.1/../../../../arm-none-eabi/lib/thumb/v7e-m/fpv5/hard\libc.a(lib_a-reent.o)
                0x20000e78                errno
                0x20000e7c                . = ALIGN (0x4)
                0x20000e7c                _ebss = .
                0x20000e7c                __bss_end__ = _ebss

._user_heap_stack
                0x20000e7c      0x604 load address 0x08007adc
                0x20000e80                . = ALIGN (0x8)
 *fill*         0x20000e7c        0x4 
                0x20000e80                PROVIDE (end = .)
                [!provide]                PROVIDE (_end = .)
                0x20001080                . = (. + _Min_Heap_Size)
 *fill*         0x20000e80      0x200 
                0x20001480                . = (. + _Min_Stack_Size)
 *fill*         0x20001080      0x400 
                0x20001480                . = ALIGN (0x8)

/DISCARD/
 libc.a(*)
 libm.a(*)
 libgcc.a(*)

.ARM.attributes
                0x00000000       0x2e
 *(.ARM.attributes)
 .ARM.attributes
                0x00000000       0x20 c:/ac6/systemworkbench/plugins/fr.ac6.mcu.externaltools.arm-none.win32_1.17.0.201812190825/tools/compiler/bin/../lib/gcc/arm-none-eabi/7.3.1/thumb/v7e-m/fpv5/hard/crti.o
 .ARM.attributes
                0x00000020       0x32 c:/ac6/systemworkbench/plugins/fr.ac6.mcu.externaltools.arm-none.win32_1.17.0.201812190825/tools/compiler/bin/../lib/gcc/arm-none-eabi/7.3.1/thumb/v7e-m/fpv5/hard/crtbegin.o
 .ARM.attributes
                0x00000052       0x37 src/Custom_Lib.o
 .ARM.attributes
                0x00000089       0x37 src/EventHandlers.o
 .ARM.attributes
                0x000000c0       0x37 src/FAT16.o
 .ARM.attributes
                0x000000f7       0x37 src/Font.o
 .ARM.attributes
                0x0000012e       0x37 src/SDC.o
 .ARM.attributes
                0x00000165       0x37 src/TFT.o
 .ARM.attributes
                0x0000019c       0x37 src/main.o
 .ARM.attributes
                0x000001d3       0x37 src/syscalls.o
 .ARM.attributes
                0x0000020a       0x37 src/system_stm32f7xx.o
 .ARM.attributes
                0x00000241       0x21 startup/startup_stm32f767xx.o
 .ARM.attributes
                0x00000262       0x32 c:/ac6/systemworkbench/plugins/fr.ac6.mcu.externaltools.arm-none.win32_1.17.0.201812190825/tools/compiler/bin/../lib/gcc/arm-none-eabi/7.3.1/../../../../arm-none-eabi/lib/thumb/v7e-m/fpv5/hard\libc.a(lib_a-errno.o)
 .ARM.attributes
                0x00000294       0x32 c:/ac6/systemworkbench/plugins/fr.ac6.mcu.externaltools.arm-none.win32_1.17.0.201812190825/tools/compiler/bin/../lib/gcc/arm-none-eabi/7.3.1/../../../../arm-none-eabi/lib/thumb/v7e-m/fpv5/hard\libc.a(lib_a-impure.o)
 .ARM.attributes
                0x000002c6       0x32 c:/ac6/systemworkbench/plugins/fr.ac6.mcu.externaltools.arm-none.win32_1.17.0.201812190825/tools/compiler/bin/../lib/gcc/arm-none-eabi/7.3.1/../../../../arm-none-eabi/lib/thumb/v7e-m/fpv5/hard\libc.a(lib_a-init.o)
 .ARM.attributes
                0x000002f8       0x32 c:/ac6/systemworkbench/plugins/fr.ac6.mcu.externaltools.arm-none.win32_1.17.0.201812190825/tools/compiler/bin/../lib/gcc/arm-none-eabi/7.3.1/../../../../arm-none-eabi/lib/thumb/v7e-m/fpv5/hard\libc.a(lib_a-memset.o)
 .ARM.attributes
                0x0000032a       0x32 c:/ac6/systemworkbench/plugins/fr.ac6.mcu.externaltools.arm-none.win32_1.17.0.201812190825/tools/compiler/bin/../lib/gcc/arm-none-eabi/7.3.1/../../../../arm-none-eabi/lib/thumb/v7e-m/fpv5/hard\libc.a(lib_a-sprintf.o)
 .ARM.attributes
                0x0000035c       0x32 c:/ac6/systemworkbench/plugins/fr.ac6.mcu.externaltools.arm-none.win32_1.17.0.201812190825/tools/compiler/bin/../lib/gcc/arm-none-eabi/7.3.1/../../../../arm-none-eabi/lib/thumb/v7e-m/fpv5/hard\libc.a(lib_a-svfprintf.o)
 .ARM.attributes
                0x0000038e       0x32 c:/ac6/systemworkbench/plugins/fr.ac6.mcu.externaltools.arm-none.win32_1.17.0.201812190825/tools/compiler/bin/../lib/gcc/arm-none-eabi/7.3.1/../../../../arm-none-eabi/lib/thumb/v7e-m/fpv5/hard\libc.a(lib_a-__call_atexit.o)
 .ARM.attributes
                0x000003c0       0x32 c:/ac6/systemworkbench/plugins/fr.ac6.mcu.externaltools.arm-none.win32_1.17.0.201812190825/tools/compiler/bin/../lib/gcc/arm-none-eabi/7.3.1/../../../../arm-none-eabi/lib/thumb/v7e-m/fpv5/hard\libc.a(lib_a-atexit.o)
 .ARM.attributes
                0x000003f2       0x32 c:/ac6/systemworkbench/plugins/fr.ac6.mcu.externaltools.arm-none.win32_1.17.0.201812190825/tools/compiler/bin/../lib/gcc/arm-none-eabi/7.3.1/../../../../arm-none-eabi/lib/thumb/v7e-m/fpv5/hard\libc.a(lib_a-dtoa.o)
 .ARM.attributes
                0x00000424       0x32 c:/ac6/systemworkbench/plugins/fr.ac6.mcu.externaltools.arm-none.win32_1.17.0.201812190825/tools/compiler/bin/../lib/gcc/arm-none-eabi/7.3.1/../../../../arm-none-eabi/lib/thumb/v7e-m/fpv5/hard\libc.a(lib_a-fini.o)
 .ARM.attributes
                0x00000456       0x32 c:/ac6/systemworkbench/plugins/fr.ac6.mcu.externaltools.arm-none.win32_1.17.0.201812190825/tools/compiler/bin/../lib/gcc/arm-none-eabi/7.3.1/../../../../arm-none-eabi/lib/thumb/v7e-m/fpv5/hard\libc.a(lib_a-freer.o)
 .ARM.attributes
                0x00000488       0x32 c:/ac6/systemworkbench/plugins/fr.ac6.mcu.externaltools.arm-none.win32_1.17.0.201812190825/tools/compiler/bin/../lib/gcc/arm-none-eabi/7.3.1/../../../../arm-none-eabi/lib/thumb/v7e-m/fpv5/hard\libc.a(lib_a-localeconv.o)
 .ARM.attributes
                0x000004ba       0x32 c:/ac6/systemworkbench/plugins/fr.ac6.mcu.externaltools.arm-none.win32_1.17.0.201812190825/tools/compiler/bin/../lib/gcc/arm-none-eabi/7.3.1/../../../../arm-none-eabi/lib/thumb/v7e-m/fpv5/hard\libc.a(lib_a-lock.o)
 .ARM.attributes
                0x000004ec       0x32 c:/ac6/systemworkbench/plugins/fr.ac6.mcu.externaltools.arm-none.win32_1.17.0.201812190825/tools/compiler/bin/../lib/gcc/arm-none-eabi/7.3.1/../../../../arm-none-eabi/lib/thumb/v7e-m/fpv5/hard\libc.a(lib_a-mallocr.o)
 .ARM.attributes
                0x0000051e       0x1e c:/ac6/systemworkbench/plugins/fr.ac6.mcu.externaltools.arm-none.win32_1.17.0.201812190825/tools/compiler/bin/../lib/gcc/arm-none-eabi/7.3.1/../../../../arm-none-eabi/lib/thumb/v7e-m/fpv5/hard\libc.a(lib_a-memchr.o)
 .ARM.attributes
                0x0000053c       0x1e c:/ac6/systemworkbench/plugins/fr.ac6.mcu.externaltools.arm-none.win32_1.17.0.201812190825/tools/compiler/bin/../lib/gcc/arm-none-eabi/7.3.1/../../../../arm-none-eabi/lib/thumb/v7e-m/fpv5/hard\libc.a(lib_a-memcpy.o)
 .ARM.attributes
                0x0000055a       0x32 c:/ac6/systemworkbench/plugins/fr.ac6.mcu.externaltools.arm-none.win32_1.17.0.201812190825/tools/compiler/bin/../lib/gcc/arm-none-eabi/7.3.1/../../../../arm-none-eabi/lib/thumb/v7e-m/fpv5/hard\libc.a(lib_a-mlock.o)
 .ARM.attributes
                0x0000058c       0x32 c:/ac6/systemworkbench/plugins/fr.ac6.mcu.externaltools.arm-none.win32_1.17.0.201812190825/tools/compiler/bin/../lib/gcc/arm-none-eabi/7.3.1/../../../../arm-none-eabi/lib/thumb/v7e-m/fpv5/hard\libc.a(lib_a-mprec.o)
 .ARM.attributes
                0x000005be       0x32 c:/ac6/systemworkbench/plugins/fr.ac6.mcu.externaltools.arm-none.win32_1.17.0.201812190825/tools/compiler/bin/../lib/gcc/arm-none-eabi/7.3.1/../../../../arm-none-eabi/lib/thumb/v7e-m/fpv5/hard\libc.a(lib_a-s_frexp.o)
 .ARM.attributes
                0x000005f0       0x32 c:/ac6/systemworkbench/plugins/fr.ac6.mcu.externaltools.arm-none.win32_1.17.0.201812190825/tools/compiler/bin/../lib/gcc/arm-none-eabi/7.3.1/../../../../arm-none-eabi/lib/thumb/v7e-m/fpv5/hard\libc.a(lib_a-sbrkr.o)
 .ARM.attributes
                0x00000622       0x1e c:/ac6/systemworkbench/plugins/fr.ac6.mcu.externaltools.arm-none.win32_1.17.0.201812190825/tools/compiler/bin/../lib/gcc/arm-none-eabi/7.3.1/../../../../arm-none-eabi/lib/thumb/v7e-m/fpv5/hard\libc.a(lib_a-strlen.o)
 .ARM.attributes
                0x00000640       0x32 c:/ac6/systemworkbench/plugins/fr.ac6.mcu.externaltools.arm-none.win32_1.17.0.201812190825/tools/compiler/bin/../lib/gcc/arm-none-eabi/7.3.1/../../../../arm-none-eabi/lib/thumb/v7e-m/fpv5/hard\libc.a(lib_a-strncpy.o)
 .ARM.attributes
                0x00000672       0x32 c:/ac6/systemworkbench/plugins/fr.ac6.mcu.externaltools.arm-none.win32_1.17.0.201812190825/tools/compiler/bin/../lib/gcc/arm-none-eabi/7.3.1/../../../../arm-none-eabi/lib/thumb/v7e-m/fpv5/hard\libc.a(lib_a-svfiprintf.o)
 .ARM.attributes
                0x000006a4       0x32 c:/ac6/systemworkbench/plugins/fr.ac6.mcu.externaltools.arm-none.win32_1.17.0.201812190825/tools/compiler/bin/../lib/gcc/arm-none-eabi/7.3.1/../../../../arm-none-eabi/lib/thumb/v7e-m/fpv5/hard\libc.a(lib_a-__atexit.o)
 .ARM.attributes
                0x000006d6       0x32 c:/ac6/systemworkbench/plugins/fr.ac6.mcu.externaltools.arm-none.win32_1.17.0.201812190825/tools/compiler/bin/../lib/gcc/arm-none-eabi/7.3.1/../../../../arm-none-eabi/lib/thumb/v7e-m/fpv5/hard\libc.a(lib_a-callocr.o)
 .ARM.attributes
                0x00000708       0x32 c:/ac6/systemworkbench/plugins/fr.ac6.mcu.externaltools.arm-none.win32_1.17.0.201812190825/tools/compiler/bin/../lib/gcc/arm-none-eabi/7.3.1/../../../../arm-none-eabi/lib/thumb/v7e-m/fpv5/hard\libc.a(lib_a-locale.o)
 .ARM.attributes
                0x0000073a       0x32 c:/ac6/systemworkbench/plugins/fr.ac6.mcu.externaltools.arm-none.win32_1.17.0.201812190825/tools/compiler/bin/../lib/gcc/arm-none-eabi/7.3.1/../../../../arm-none-eabi/lib/thumb/v7e-m/fpv5/hard\libc.a(lib_a-mbtowc_r.o)
 .ARM.attributes
                0x0000076c       0x32 c:/ac6/systemworkbench/plugins/fr.ac6.mcu.externaltools.arm-none.win32_1.17.0.201812190825/tools/compiler/bin/../lib/gcc/arm-none-eabi/7.3.1/../../../../arm-none-eabi/lib/thumb/v7e-m/fpv5/hard\libc.a(lib_a-memmove.o)
 .ARM.attributes
                0x0000079e       0x32 c:/ac6/systemworkbench/plugins/fr.ac6.mcu.externaltools.arm-none.win32_1.17.0.201812190825/tools/compiler/bin/../lib/gcc/arm-none-eabi/7.3.1/../../../../arm-none-eabi/lib/thumb/v7e-m/fpv5/hard\libc.a(lib_a-reallocr.o)
 .ARM.attributes
                0x000007d0       0x32 c:/ac6/systemworkbench/plugins/fr.ac6.mcu.externaltools.arm-none.win32_1.17.0.201812190825/tools/compiler/bin/../lib/gcc/arm-none-eabi/7.3.1/../../../../arm-none-eabi/lib/thumb/v7e-m/fpv5/hard\libc.a(lib_a-reent.o)
 .ARM.attributes
                0x00000802       0x32 c:/ac6/systemworkbench/plugins/fr.ac6.mcu.externaltools.arm-none.win32_1.17.0.201812190825/tools/compiler/bin/../lib/gcc/arm-none-eabi/7.3.1/../../../../arm-none-eabi/lib/thumb/v7e-m/fpv5/hard\libc.a(lib_a-wctomb_r.o)
 .ARM.attributes
                0x00000834       0x32 c:/ac6/systemworkbench/plugins/fr.ac6.mcu.externaltools.arm-none.win32_1.17.0.201812190825/tools/compiler/bin/../lib/gcc/arm-none-eabi/7.3.1/../../../../arm-none-eabi/lib/thumb/v7e-m/fpv5/hard\libc.a(lib_a-ctype_.o)
 .ARM.attributes
                0x00000866       0x20 c:/ac6/systemworkbench/plugins/fr.ac6.mcu.externaltools.arm-none.win32_1.17.0.201812190825/tools/compiler/bin/../lib/gcc/arm-none-eabi/7.3.1/thumb/v7e-m/fpv5/hard\libgcc.a(_aeabi_uldivmod.o)
 .ARM.attributes
                0x00000886       0x32 c:/ac6/systemworkbench/plugins/fr.ac6.mcu.externaltools.arm-none.win32_1.17.0.201812190825/tools/compiler/bin/../lib/gcc/arm-none-eabi/7.3.1/thumb/v7e-m/fpv5/hard\libgcc.a(_udivmoddi4.o)
 .ARM.attributes
                0x000008b8       0x20 c:/ac6/systemworkbench/plugins/fr.ac6.mcu.externaltools.arm-none.win32_1.17.0.201812190825/tools/compiler/bin/../lib/gcc/arm-none-eabi/7.3.1/thumb/v7e-m/fpv5/hard\libgcc.a(_dvmd_tls.o)
 .ARM.attributes
                0x000008d8       0x20 c:/ac6/systemworkbench/plugins/fr.ac6.mcu.externaltools.arm-none.win32_1.17.0.201812190825/tools/compiler/bin/../lib/gcc/arm-none-eabi/7.3.1/thumb/v7e-m/fpv5/hard/crtn.o
OUTPUT(PrimOS.elf elf32-littlearm)

.debug_info     0x00000000     0xa6fe
 .debug_info    0x00000000     0x148c src/Custom_Lib.o
 .debug_info    0x0000148c     0x1620 src/EventHandlers.o
 .debug_info    0x00002aac     0x156e src/FAT16.o
 .debug_info    0x0000401a      0x9d2 src/Font.o
 .debug_info    0x000049ec     0x1319 src/SDC.o
 .debug_info    0x00005d05     0x23c2 src/TFT.o
 .debug_info    0x000080c7      0xf33 src/main.o
 .debug_info    0x00008ffa      0xff9 src/syscalls.o
 .debug_info    0x00009ff3      0x6e9 src/system_stm32f7xx.o
 .debug_info    0x0000a6dc       0x22 startup/startup_stm32f767xx.o

.debug_abbrev   0x00000000     0x1712
 .debug_abbrev  0x00000000      0x2e8 src/Custom_Lib.o
 .debug_abbrev  0x000002e8      0x2bb src/EventHandlers.o
 .debug_abbrev  0x000005a3      0x29a src/FAT16.o
 .debug_abbrev  0x0000083d      0x1c4 src/Font.o
 .debug_abbrev  0x00000a01      0x287 src/SDC.o
 .debug_abbrev  0x00000c88      0x3fc src/TFT.o
 .debug_abbrev  0x00001084      0x23d src/main.o
 .debug_abbrev  0x000012c1      0x312 src/syscalls.o
 .debug_abbrev  0x000015d3      0x12d src/system_stm32f7xx.o
 .debug_abbrev  0x00001700       0x12 startup/startup_stm32f767xx.o

.debug_loc      0x00000000     0x12e8
 .debug_loc     0x00000000       0x92 src/Custom_Lib.o
 .debug_loc     0x00000092       0x3e src/EventHandlers.o
 .debug_loc     0x000000d0       0xbd src/FAT16.o
 .debug_loc     0x0000018d      0x645 src/SDC.o
 .debug_loc     0x000007d2      0x613 src/TFT.o
 .debug_loc     0x00000de5      0x3b7 src/syscalls.o
 .debug_loc     0x0000119c      0x14c src/system_stm32f7xx.o

.debug_aranges  0x00000000      0x290
 .debug_aranges
                0x00000000       0x38 src/Custom_Lib.o
 .debug_aranges
                0x00000038       0x40 src/EventHandlers.o
 .debug_aranges
                0x00000078       0x28 src/FAT16.o
 .debug_aranges
                0x000000a0       0x18 src/Font.o
 .debug_aranges
                0x000000b8       0x48 src/SDC.o
 .debug_aranges
                0x00000100       0x70 src/TFT.o
 .debug_aranges
                0x00000170       0x20 src/main.o
 .debug_aranges
                0x00000190       0xb0 src/syscalls.o
 .debug_aranges
                0x00000240       0x28 src/system_stm32f7xx.o
 .debug_aranges
                0x00000268       0x28 startup/startup_stm32f767xx.o

.debug_ranges   0x00000000      0xec8
 .debug_ranges  0x00000000       0x40 src/Custom_Lib.o
 .debug_ranges  0x00000040      0x150 src/EventHandlers.o
 .debug_ranges  0x00000190       0xd0 src/FAT16.o
 .debug_ranges  0x00000260       0x38 src/SDC.o
 .debug_ranges  0x00000298      0xb48 src/TFT.o
 .debug_ranges  0x00000de0       0x10 src/main.o
 .debug_ranges  0x00000df0       0xa0 src/syscalls.o
 .debug_ranges  0x00000e90       0x18 src/system_stm32f7xx.o
 .debug_ranges  0x00000ea8       0x20 startup/startup_stm32f767xx.o

.debug_macro    0x00000000    0x2156b
 .debug_macro   0x00000000      0x253 src/Custom_Lib.o
 .debug_macro   0x00000253      0xa78 src/Custom_Lib.o
 .debug_macro   0x00000ccb       0x3b src/Custom_Lib.o
 .debug_macro   0x00000d06       0x22 src/Custom_Lib.o
 .debug_macro   0x00000d28       0x8e src/Custom_Lib.o
 .debug_macro   0x00000db6       0x51 src/Custom_Lib.o
 .debug_macro   0x00000e07       0xef src/Custom_Lib.o
 .debug_macro   0x00000ef6       0x6a src/Custom_Lib.o
 .debug_macro   0x00000f60      0x1df src/Custom_Lib.o
 .debug_macro   0x0000113f       0x1c src/Custom_Lib.o
 .debug_macro   0x0000115b       0x22 src/Custom_Lib.o
 .debug_macro   0x0000117d       0xdf src/Custom_Lib.o
 .debug_macro   0x0000125c     0x12cd src/Custom_Lib.o
 .debug_macro   0x00002529      0x11f src/Custom_Lib.o
 .debug_macro   0x00002648       0x19 src/Custom_Lib.o
 .debug_macro   0x00002661    0x1a029 src/Custom_Lib.o
 .debug_macro   0x0001c68a       0x5e src/Custom_Lib.o
 .debug_macro   0x0001c6e8       0x17 src/Custom_Lib.o
 .debug_macro   0x0001c6ff       0x35 src/Custom_Lib.o
 .debug_macro   0x0001c734       0x34 src/Custom_Lib.o
 .debug_macro   0x0001c768      0x174 src/Custom_Lib.o
 .debug_macro   0x0001c8dc       0x58 src/Custom_Lib.o
 .debug_macro   0x0001c934       0x1f src/Custom_Lib.o
 .debug_macro   0x0001c953       0x43 src/Custom_Lib.o
 .debug_macro   0x0001c996       0x20 src/Custom_Lib.o
 .debug_macro   0x0001c9b6      0x18e src/Custom_Lib.o
 .debug_macro   0x0001cb44      0x32a src/Custom_Lib.o
 .debug_macro   0x0001ce6e       0x10 src/Custom_Lib.o
 .debug_macro   0x0001ce7e       0x35 src/Custom_Lib.o
 .debug_macro   0x0001ceb3       0x1c src/Custom_Lib.o
 .debug_macro   0x0001cecf       0x10 src/Custom_Lib.o
 .debug_macro   0x0001cedf       0x10 src/Custom_Lib.o
 .debug_macro   0x0001ceef       0x1c src/Custom_Lib.o
 .debug_macro   0x0001cf0b       0x52 src/Custom_Lib.o
 .debug_macro   0x0001cf5d       0x40 src/Custom_Lib.o
 .debug_macro   0x0001cf9d       0x10 src/Custom_Lib.o
 .debug_macro   0x0001cfad       0x40 src/Custom_Lib.o
 .debug_macro   0x0001cfed       0xd7 src/Custom_Lib.o
 .debug_macro   0x0001d0c4       0x1c src/Custom_Lib.o
 .debug_macro   0x0001d0e0       0x3d src/Custom_Lib.o
 .debug_macro   0x0001d11d       0x16 src/Custom_Lib.o
 .debug_macro   0x0001d133      0x16f src/Custom_Lib.o
 .debug_macro   0x0001d2a2      0x257 src/EventHandlers.o
 .debug_macro   0x0001d4f9      0x27f src/FAT16.o
 .debug_macro   0x0001d778       0xd6 src/FAT16.o
 .debug_macro   0x0001d84e       0x10 src/FAT16.o
 .debug_macro   0x0001d85e      0x257 src/Font.o
 .debug_macro   0x0001dab5      0x27b src/SDC.o
 .debug_macro   0x0001dd30      0x266 src/TFT.o
 .debug_macro   0x0001df96      0x28e src/main.o
 .debug_macro   0x0001e224      0xb50 src/main.o
 .debug_macro   0x0001ed74       0x1c src/main.o
 .debug_macro   0x0001ed90     0x12cd src/main.o
 .debug_macro   0x0002005d       0x34 src/main.o
 .debug_macro   0x00020091      0x17b src/main.o
 .debug_macro   0x0002020c       0x43 src/main.o
 .debug_macro   0x0002024f      0x34d src/main.o
 .debug_macro   0x0002059c       0x35 src/main.o
 .debug_macro   0x000205d1      0x137 src/main.o
 .debug_macro   0x00020708      0x243 src/syscalls.o
 .debug_macro   0x0002094b       0x58 src/syscalls.o
 .debug_macro   0x000209a3       0x94 src/syscalls.o
 .debug_macro   0x00020a37       0x57 src/syscalls.o
 .debug_macro   0x00020a8e      0x330 src/syscalls.o
 .debug_macro   0x00020dbe       0x10 src/syscalls.o
 .debug_macro   0x00020dce       0x10 src/syscalls.o
 .debug_macro   0x00020dde       0x10 src/syscalls.o
 .debug_macro   0x00020dee       0x35 src/syscalls.o
 .debug_macro   0x00020e23      0x122 src/syscalls.o
 .debug_macro   0x00020f45       0x16 src/syscalls.o
 .debug_macro   0x00020f5b       0x16 src/syscalls.o
 .debug_macro   0x00020f71       0x29 src/syscalls.o
 .debug_macro   0x00020f9a       0x10 src/syscalls.o
 .debug_macro   0x00020faa      0x241 src/syscalls.o
 .debug_macro   0x000211eb       0x10 src/syscalls.o
 .debug_macro   0x000211fb      0x189 src/syscalls.o
 .debug_macro   0x00021384       0x16 src/syscalls.o
 .debug_macro   0x0002139a       0x88 src/syscalls.o
 .debug_macro   0x00021422       0xde src/system_stm32f7xx.o
 .debug_macro   0x00021500       0x28 src/system_stm32f7xx.o
 .debug_macro   0x00021528       0x43 src/system_stm32f7xx.o

.debug_line     0x00000000     0x3ab1
 .debug_line    0x00000000      0x5a0 src/Custom_Lib.o
 .debug_line    0x000005a0      0x648 src/EventHandlers.o
 .debug_line    0x00000be8      0x65a src/FAT16.o
 .debug_line    0x00001242      0x510 src/Font.o
 .debug_line    0x00001752      0x63d src/SDC.o
 .debug_line    0x00001d8f      0xd26 src/TFT.o
 .debug_line    0x00002ab5      0x5c9 src/main.o
 .debug_line    0x0000307e      0x5c5 src/syscalls.o
 .debug_line    0x00003643      0x3ef src/system_stm32f7xx.o
 .debug_line    0x00003a32       0x7f startup/startup_stm32f767xx.o

.debug_str      0x00000000    0xa61f2
 .debug_str     0x00000000    0xa3c75 src/Custom_Lib.o
                              0xa3f3e (size before relaxing)
 .debug_str     0x000a3c75      0x137 src/EventHandlers.o
                              0xa3fc4 (size before relaxing)
 .debug_str     0x000a3dac      0x5eb src/FAT16.o
                              0xa3ba4 (size before relaxing)
 .debug_str     0x000a4397        0xe src/Font.o
                              0xa35cf (size before relaxing)
 .debug_str     0x000a43a5       0x9d src/SDC.o
                              0xa3c3e (size before relaxing)
 .debug_str     0x000a4442       0x87 src/TFT.o
                              0xa3bce (size before relaxing)
 .debug_str     0x000a44c9      0x75a src/main.o
                              0xa4011 (size before relaxing)
 .debug_str     0x000a4c23     0x1231 src/syscalls.o
                               0x85c2 (size before relaxing)
 .debug_str     0x000a5e54      0x36f src/system_stm32f7xx.o
                              0x9fa32 (size before relaxing)
 .debug_str     0x000a61c3       0x2f startup/startup_stm32f767xx.o
                                 0x52 (size before relaxing)

.comment        0x00000000       0x7f
 .comment       0x00000000       0x7f src/Custom_Lib.o
                                 0x80 (size before relaxing)
 .comment       0x0000007f       0x80 src/EventHandlers.o
 .comment       0x0000007f       0x80 src/FAT16.o
 .comment       0x0000007f       0x80 src/Font.o
 .comment       0x0000007f       0x80 src/SDC.o
 .comment       0x0000007f       0x80 src/TFT.o
 .comment       0x0000007f       0x80 src/main.o
 .comment       0x0000007f       0x80 src/syscalls.o
 .comment       0x0000007f       0x80 src/system_stm32f7xx.o

.debug_frame    0x00000000     0x1110
 .debug_frame   0x00000000       0x98 src/Custom_Lib.o
 .debug_frame   0x00000098       0xa8 src/EventHandlers.o
 .debug_frame   0x00000140       0x70 src/FAT16.o
 .debug_frame   0x000001b0       0xec src/SDC.o
 .debug_frame   0x0000029c      0x1cc src/TFT.o
 .debug_frame   0x00000468       0x2c src/main.o
 .debug_frame   0x00000494      0x1a8 src/syscalls.o
 .debug_frame   0x0000063c       0x40 src/system_stm32f7xx.o
 .debug_frame   0x0000067c       0x20 c:/ac6/systemworkbench/plugins/fr.ac6.mcu.externaltools.arm-none.win32_1.17.0.201812190825/tools/compiler/bin/../lib/gcc/arm-none-eabi/7.3.1/../../../../arm-none-eabi/lib/thumb/v7e-m/fpv5/hard\libc.a(lib_a-errno.o)
 .debug_frame   0x0000069c       0x2c c:/ac6/systemworkbench/plugins/fr.ac6.mcu.externaltools.arm-none.win32_1.17.0.201812190825/tools/compiler/bin/../lib/gcc/arm-none-eabi/7.3.1/../../../../arm-none-eabi/lib/thumb/v7e-m/fpv5/hard\libc.a(lib_a-init.o)
 .debug_frame   0x000006c8       0x38 c:/ac6/systemworkbench/plugins/fr.ac6.mcu.externaltools.arm-none.win32_1.17.0.201812190825/tools/compiler/bin/../lib/gcc/arm-none-eabi/7.3.1/../../../../arm-none-eabi/lib/thumb/v7e-m/fpv5/hard\libc.a(lib_a-memset.o)
 .debug_frame   0x00000700       0x80 c:/ac6/systemworkbench/plugins/fr.ac6.mcu.externaltools.arm-none.win32_1.17.0.201812190825/tools/compiler/bin/../lib/gcc/arm-none-eabi/7.3.1/../../../../arm-none-eabi/lib/thumb/v7e-m/fpv5/hard\libc.a(lib_a-sprintf.o)
 .debug_frame   0x00000780       0x64 c:/ac6/systemworkbench/plugins/fr.ac6.mcu.externaltools.arm-none.win32_1.17.0.201812190825/tools/compiler/bin/../lib/gcc/arm-none-eabi/7.3.1/../../../../arm-none-eabi/lib/thumb/v7e-m/fpv5/hard\libc.a(lib_a-svfprintf.o)
 .debug_frame   0x000007e4       0x5c c:/ac6/systemworkbench/plugins/fr.ac6.mcu.externaltools.arm-none.win32_1.17.0.201812190825/tools/compiler/bin/../lib/gcc/arm-none-eabi/7.3.1/../../../../arm-none-eabi/lib/thumb/v7e-m/fpv5/hard\libc.a(lib_a-__call_atexit.o)
 .debug_frame   0x00000840       0x20 c:/ac6/systemworkbench/plugins/fr.ac6.mcu.externaltools.arm-none.win32_1.17.0.201812190825/tools/compiler/bin/../lib/gcc/arm-none-eabi/7.3.1/../../../../arm-none-eabi/lib/thumb/v7e-m/fpv5/hard\libc.a(lib_a-atexit.o)
 .debug_frame   0x00000860       0x88 c:/ac6/systemworkbench/plugins/fr.ac6.mcu.externaltools.arm-none.win32_1.17.0.201812190825/tools/compiler/bin/../lib/gcc/arm-none-eabi/7.3.1/../../../../arm-none-eabi/lib/thumb/v7e-m/fpv5/hard\libc.a(lib_a-dtoa.o)
 .debug_frame   0x000008e8       0x34 c:/ac6/systemworkbench/plugins/fr.ac6.mcu.externaltools.arm-none.win32_1.17.0.201812190825/tools/compiler/bin/../lib/gcc/arm-none-eabi/7.3.1/../../../../arm-none-eabi/lib/thumb/v7e-m/fpv5/hard\libc.a(lib_a-fini.o)
 .debug_frame   0x0000091c       0x80 c:/ac6/systemworkbench/plugins/fr.ac6.mcu.externaltools.arm-none.win32_1.17.0.201812190825/tools/compiler/bin/../lib/gcc/arm-none-eabi/7.3.1/../../../../arm-none-eabi/lib/thumb/v7e-m/fpv5/hard\libc.a(lib_a-freer.o)
 .debug_frame   0x0000099c       0x40 c:/ac6/systemworkbench/plugins/fr.ac6.mcu.externaltools.arm-none.win32_1.17.0.201812190825/tools/compiler/bin/../lib/gcc/arm-none-eabi/7.3.1/../../../../arm-none-eabi/lib/thumb/v7e-m/fpv5/hard\libc.a(lib_a-localeconv.o)
 .debug_frame   0x000009dc       0xb0 c:/ac6/systemworkbench/plugins/fr.ac6.mcu.externaltools.arm-none.win32_1.17.0.201812190825/tools/compiler/bin/../lib/gcc/arm-none-eabi/7.3.1/../../../../arm-none-eabi/lib/thumb/v7e-m/fpv5/hard\libc.a(lib_a-lock.o)
 .debug_frame   0x00000a8c       0x54 c:/ac6/systemworkbench/plugins/fr.ac6.mcu.externaltools.arm-none.win32_1.17.0.201812190825/tools/compiler/bin/../lib/gcc/arm-none-eabi/7.3.1/../../../../arm-none-eabi/lib/thumb/v7e-m/fpv5/hard\libc.a(lib_a-mallocr.o)
 .debug_frame   0x00000ae0       0x30 c:/ac6/systemworkbench/plugins/fr.ac6.mcu.externaltools.arm-none.win32_1.17.0.201812190825/tools/compiler/bin/../lib/gcc/arm-none-eabi/7.3.1/../../../../arm-none-eabi/lib/thumb/v7e-m/fpv5/hard\libc.a(lib_a-mlock.o)
 .debug_frame   0x00000b10      0x248 c:/ac6/systemworkbench/plugins/fr.ac6.mcu.externaltools.arm-none.win32_1.17.0.201812190825/tools/compiler/bin/../lib/gcc/arm-none-eabi/7.3.1/../../../../arm-none-eabi/lib/thumb/v7e-m/fpv5/hard\libc.a(lib_a-mprec.o)
 .debug_frame   0x00000d58       0x34 c:/ac6/systemworkbench/plugins/fr.ac6.mcu.externaltools.arm-none.win32_1.17.0.201812190825/tools/compiler/bin/../lib/gcc/arm-none-eabi/7.3.1/../../../../arm-none-eabi/lib/thumb/v7e-m/fpv5/hard\libc.a(lib_a-s_frexp.o)
 .debug_frame   0x00000d8c       0x2c c:/ac6/systemworkbench/plugins/fr.ac6.mcu.externaltools.arm-none.win32_1.17.0.201812190825/tools/compiler/bin/../lib/gcc/arm-none-eabi/7.3.1/../../../../arm-none-eabi/lib/thumb/v7e-m/fpv5/hard\libc.a(lib_a-sbrkr.o)
 .debug_frame   0x00000db8       0x34 c:/ac6/systemworkbench/plugins/fr.ac6.mcu.externaltools.arm-none.win32_1.17.0.201812190825/tools/compiler/bin/../lib/gcc/arm-none-eabi/7.3.1/../../../../arm-none-eabi/lib/thumb/v7e-m/fpv5/hard\libc.a(lib_a-strncpy.o)
 .debug_frame   0x00000dec       0x74 c:/ac6/systemworkbench/plugins/fr.ac6.mcu.externaltools.arm-none.win32_1.17.0.201812190825/tools/compiler/bin/../lib/gcc/arm-none-eabi/7.3.1/../../../../arm-none-eabi/lib/thumb/v7e-m/fpv5/hard\libc.a(lib_a-svfiprintf.o)
 .debug_frame   0x00000e60       0x34 c:/ac6/systemworkbench/plugins/fr.ac6.mcu.externaltools.arm-none.win32_1.17.0.201812190825/tools/compiler/bin/../lib/gcc/arm-none-eabi/7.3.1/../../../../arm-none-eabi/lib/thumb/v7e-m/fpv5/hard\libc.a(lib_a-__atexit.o)
 .debug_frame   0x00000e94       0x28 c:/ac6/systemworkbench/plugins/fr.ac6.mcu.externaltools.arm-none.win32_1.17.0.201812190825/tools/compiler/bin/../lib/gcc/arm-none-eabi/7.3.1/../../../../arm-none-eabi/lib/thumb/v7e-m/fpv5/hard\libc.a(lib_a-callocr.o)
 .debug_frame   0x00000ebc       0x6c c:/ac6/systemworkbench/plugins/fr.ac6.mcu.externaltools.arm-none.win32_1.17.0.201812190825/tools/compiler/bin/../lib/gcc/arm-none-eabi/7.3.1/../../../../arm-none-eabi/lib/thumb/v7e-m/fpv5/hard\libc.a(lib_a-locale.o)
 .debug_frame   0x00000f28       0x4c c:/ac6/systemworkbench/plugins/fr.ac6.mcu.externaltools.arm-none.win32_1.17.0.201812190825/tools/compiler/bin/../lib/gcc/arm-none-eabi/7.3.1/../../../../arm-none-eabi/lib/thumb/v7e-m/fpv5/hard\libc.a(lib_a-mbtowc_r.o)
 .debug_frame   0x00000f74       0x40 c:/ac6/systemworkbench/plugins/fr.ac6.mcu.externaltools.arm-none.win32_1.17.0.201812190825/tools/compiler/bin/../lib/gcc/arm-none-eabi/7.3.1/../../../../arm-none-eabi/lib/thumb/v7e-m/fpv5/hard\libc.a(lib_a-memmove.o)
 .debug_frame   0x00000fb4       0x58 c:/ac6/systemworkbench/plugins/fr.ac6.mcu.externaltools.arm-none.win32_1.17.0.201812190825/tools/compiler/bin/../lib/gcc/arm-none-eabi/7.3.1/../../../../arm-none-eabi/lib/thumb/v7e-m/fpv5/hard\libc.a(lib_a-reallocr.o)
 .debug_frame   0x0000100c       0x68 c:/ac6/systemworkbench/plugins/fr.ac6.mcu.externaltools.arm-none.win32_1.17.0.201812190825/tools/compiler/bin/../lib/gcc/arm-none-eabi/7.3.1/../../../../arm-none-eabi/lib/thumb/v7e-m/fpv5/hard\libc.a(lib_a-reent.o)
 .debug_frame   0x00001074       0x3c c:/ac6/systemworkbench/plugins/fr.ac6.mcu.externaltools.arm-none.win32_1.17.0.201812190825/tools/compiler/bin/../lib/gcc/arm-none-eabi/7.3.1/../../../../arm-none-eabi/lib/thumb/v7e-m/fpv5/hard\libc.a(lib_a-wctomb_r.o)
 .debug_frame   0x000010b0       0x2c c:/ac6/systemworkbench/plugins/fr.ac6.mcu.externaltools.arm-none.win32_1.17.0.201812190825/tools/compiler/bin/../lib/gcc/arm-none-eabi/7.3.1/thumb/v7e-m/fpv5/hard\libgcc.a(_aeabi_uldivmod.o)
 .debug_frame   0x000010dc       0x34 c:/ac6/systemworkbench/plugins/fr.ac6.mcu.externaltools.arm-none.win32_1.17.0.201812190825/tools/compiler/bin/../lib/gcc/arm-none-eabi/7.3.1/thumb/v7e-m/fpv5/hard\libgcc.a(_udivmoddi4.o)
