Archive member included to satisfy reference by file (symbol)

c:/ac6/systemworkbench/plugins/fr.ac6.mcu.externaltools.arm-none.win32_1.17.0.201812190825/tools/compiler/bin/../lib/gcc/arm-none-eabi/7.3.1/../../../../arm-none-eabi/lib/thumb/v7e-m/fpv5/hard\libc.a(lib_a-errno.o)
                              src/syscalls.o (__errno)
c:/ac6/systemworkbench/plugins/fr.ac6.mcu.externaltools.arm-none.win32_1.17.0.201812190825/tools/compiler/bin/../lib/gcc/arm-none-eabi/7.3.1/../../../../arm-none-eabi/lib/thumb/v7e-m/fpv5/hard\libc.a(lib_a-exit.o)
                              c:/ac6/systemworkbench/plugins/fr.ac6.mcu.externaltools.arm-none.win32_1.17.0.201812190825/tools/compiler/bin/../lib/gcc/arm-none-eabi/7.3.1/../../../../arm-none-eabi/lib/thumb/v7e-m/fpv5/hard/crt0.o (exit)
c:/ac6/systemworkbench/plugins/fr.ac6.mcu.externaltools.arm-none.win32_1.17.0.201812190825/tools/compiler/bin/../lib/gcc/arm-none-eabi/7.3.1/../../../../arm-none-eabi/lib/thumb/v7e-m/fpv5/hard\libc.a(lib_a-impure.o)
                              c:/ac6/systemworkbench/plugins/fr.ac6.mcu.externaltools.arm-none.win32_1.17.0.201812190825/tools/compiler/bin/../lib/gcc/arm-none-eabi/7.3.1/../../../../arm-none-eabi/lib/thumb/v7e-m/fpv5/hard\libc.a(lib_a-exit.o) (_global_impure_ptr)
c:/ac6/systemworkbench/plugins/fr.ac6.mcu.externaltools.arm-none.win32_1.17.0.201812190825/tools/compiler/bin/../lib/gcc/arm-none-eabi/7.3.1/../../../../arm-none-eabi/lib/thumb/v7e-m/fpv5/hard\libc.a(lib_a-init.o)
                              c:/ac6/systemworkbench/plugins/fr.ac6.mcu.externaltools.arm-none.win32_1.17.0.201812190825/tools/compiler/bin/../lib/gcc/arm-none-eabi/7.3.1/../../../../arm-none-eabi/lib/thumb/v7e-m/fpv5/hard/crt0.o (__libc_init_array)
c:/ac6/systemworkbench/plugins/fr.ac6.mcu.externaltools.arm-none.win32_1.17.0.201812190825/tools/compiler/bin/../lib/gcc/arm-none-eabi/7.3.1/../../../../arm-none-eabi/lib/thumb/v7e-m/fpv5/hard\libc.a(lib_a-memset.o)
                              c:/ac6/systemworkbench/plugins/fr.ac6.mcu.externaltools.arm-none.win32_1.17.0.201812190825/tools/compiler/bin/../lib/gcc/arm-none-eabi/7.3.1/../../../../arm-none-eabi/lib/thumb/v7e-m/fpv5/hard/crt0.o (memset)
c:/ac6/systemworkbench/plugins/fr.ac6.mcu.externaltools.arm-none.win32_1.17.0.201812190825/tools/compiler/bin/../lib/gcc/arm-none-eabi/7.3.1/../../../../arm-none-eabi/lib/thumb/v7e-m/fpv5/hard\libc.a(lib_a-sprintf.o)
                              src/FAT16.o (sprintf)
c:/ac6/systemworkbench/plugins/fr.ac6.mcu.externaltools.arm-none.win32_1.17.0.201812190825/tools/compiler/bin/../lib/gcc/arm-none-eabi/7.3.1/../../../../arm-none-eabi/lib/thumb/v7e-m/fpv5/hard\libc.a(lib_a-svfprintf.o)
                              c:/ac6/systemworkbench/plugins/fr.ac6.mcu.externaltools.arm-none.win32_1.17.0.201812190825/tools/compiler/bin/../lib/gcc/arm-none-eabi/7.3.1/../../../../arm-none-eabi/lib/thumb/v7e-m/fpv5/hard\libc.a(lib_a-sprintf.o) (_svfprintf_r)
c:/ac6/systemworkbench/plugins/fr.ac6.mcu.externaltools.arm-none.win32_1.17.0.201812190825/tools/compiler/bin/../lib/gcc/arm-none-eabi/7.3.1/../../../../arm-none-eabi/lib/thumb/v7e-m/fpv5/hard\libc.a(lib_a-__call_atexit.o)
                              c:/ac6/systemworkbench/plugins/fr.ac6.mcu.externaltools.arm-none.win32_1.17.0.201812190825/tools/compiler/bin/../lib/gcc/arm-none-eabi/7.3.1/../../../../arm-none-eabi/lib/thumb/v7e-m/fpv5/hard\libc.a(lib_a-exit.o) (__call_exitprocs)
c:/ac6/systemworkbench/plugins/fr.ac6.mcu.externaltools.arm-none.win32_1.17.0.201812190825/tools/compiler/bin/../lib/gcc/arm-none-eabi/7.3.1/../../../../arm-none-eabi/lib/thumb/v7e-m/fpv5/hard\libc.a(lib_a-atexit.o)
                              c:/ac6/systemworkbench/plugins/fr.ac6.mcu.externaltools.arm-none.win32_1.17.0.201812190825/tools/compiler/bin/../lib/gcc/arm-none-eabi/7.3.1/../../../../arm-none-eabi/lib/thumb/v7e-m/fpv5/hard\libc.a(lib_a-__call_atexit.o) (atexit)
c:/ac6/systemworkbench/plugins/fr.ac6.mcu.externaltools.arm-none.win32_1.17.0.201812190825/tools/compiler/bin/../lib/gcc/arm-none-eabi/7.3.1/../../../../arm-none-eabi/lib/thumb/v7e-m/fpv5/hard\libc.a(lib_a-dtoa.o)
                              c:/ac6/systemworkbench/plugins/fr.ac6.mcu.externaltools.arm-none.win32_1.17.0.201812190825/tools/compiler/bin/../lib/gcc/arm-none-eabi/7.3.1/../../../../arm-none-eabi/lib/thumb/v7e-m/fpv5/hard\libc.a(lib_a-svfprintf.o) (_dtoa_r)
c:/ac6/systemworkbench/plugins/fr.ac6.mcu.externaltools.arm-none.win32_1.17.0.201812190825/tools/compiler/bin/../lib/gcc/arm-none-eabi/7.3.1/../../../../arm-none-eabi/lib/thumb/v7e-m/fpv5/hard\libc.a(lib_a-fini.o)
                              c:/ac6/systemworkbench/plugins/fr.ac6.mcu.externaltools.arm-none.win32_1.17.0.201812190825/tools/compiler/bin/../lib/gcc/arm-none-eabi/7.3.1/../../../../arm-none-eabi/lib/thumb/v7e-m/fpv5/hard\libc.a(lib_a-__call_atexit.o) (__libc_fini_array)
[...]
Memory Configuration

Name             Origin             Length             Attributes
FLASH            0x08000000         0x00200000         xr
RAM              0x20000000         0x00080000         xrw
*default*        0x00000000         0xffffffff

Linker script and memory map

LOAD c:/ac6/systemworkbench/plugins/fr.ac6.mcu.externaltools.arm-none.win32_1.17.0.201812190825/tools/compiler/bin/../lib/gcc/arm-none-eabi/7.3.1/thumb/v7e-m/fpv5/hard/crti.o
LOAD c:/ac6/systemworkbench/plugins/fr.ac6.mcu.externaltools.arm-none.win32_1.17.0.201812190825/tools/compiler/bin/../lib/gcc/arm-none-eabi/7.3.1/thumb/v7e-m/fpv5/hard/crtbegin.o
LOAD c:/ac6/systemworkbench/plugins/fr.ac6.mcu.externaltools.arm-none.win32_1.17.0.201812190825/tools/compiler/bin/../lib/gcc/arm-none-eabi/7.3.1/../../../../arm-none-eabi/lib/thumb/v7e-m/fpv5/hard/crt0.o
LOAD src/Custom_Lib.o
LOAD src/EventHandlers.o
LOAD src/FAT16.o
LOAD src/Font.o
LOAD src/SDC.o
LOAD src/TFT.o
LOAD src/main.o
LOAD src/syscalls.o
LOAD src/system_stm32f7xx.o
LOAD startup/startup_stm32f767xx.o
LOAD c:/ac6/systemworkbench/plugins/fr.ac6.mcu.externaltools.arm-none.win32_1.17.0.201812190825/tools/compiler/bin/../lib/gcc/arm-none-eabi/7.3.1/../../../../arm-none-eabi/lib/thumb/v7e-m/fpv5/hard\libstdc++.a
LOAD c:/ac6/systemworkbench/plugins/fr.ac6.mcu.externaltools.arm-none.win32_1.17.0.201812190825/tools/compiler/bin/../lib/gcc/arm-none-eabi/7.3.1/../../../../arm-none-eabi/lib/thumb/v7e-m/fpv5/hard\libm.a
START GROUP
LOAD c:/ac6/systemworkbench/plugins/fr.ac6.mcu.externaltools.arm-none.win32_1.17.0.201812190825/tools/compiler/bin/../lib/gcc/arm-none-eabi/7.3.1/thumb/v7e-m/fpv5/hard\libgcc.a
LOAD c:/ac6/systemworkbench/plugins/fr.ac6.mcu.externaltools.arm-none.win32_1.17.0.201812190825/tools/compiler/bin/../lib/gcc/arm-none-eabi/7.3.1/../../../../arm-none-eabi/lib/thumb/v7e-m/fpv5/hard\libc.a
END GROUP
LOAD c:/ac6/systemworkbench/plugins/fr.ac6.mcu.externaltools.arm-none.win32_1.17.0.201812190825/tools/compiler/bin/../lib/gcc/arm-none-eabi/7.3.1/thumb/v7e-m/fpv5/hard/crtend.o
LOAD c:/ac6/systemworkbench/plugins/fr.ac6.mcu.externaltools.arm-none.win32_1.17.0.201812190825/tools/compiler/bin/../lib/gcc/arm-none-eabi/7.3.1/thumb/v7e-m/fpv5/hard/crtn.o
                0x20080000                _estack = 0x20080000
                0x00000200                _Min_Heap_Size = 0x200
                0x00000400                _Min_Stack_Size = 0x400

.isr_vector     0x08000000      0x1f8
                0x08000000                . = ALIGN (0x4)
 *(.isr_vector)
 .isr_vector    0x08000000      0x1f8 startup/startup_stm32f767xx.o
                0x08000000                g_pfnVectors
                0x080001f8                . = ALIGN (0x4)

.text           0x08000200     0x665c
                0x08000200                . = ALIGN (0x4)
 *(.text)
 .text          0x08000200       0x40 c:/ac6/systemworkbench/plugins/fr.ac6.mcu.externaltools.arm-none.win32_1.17.0.201812190825/tools/compiler/bin/../lib/gcc/arm-none-eabi/7.3.1/thumb/v7e-m/fpv5/hard/crtbegin.o
 .text          0x08000240       0xa0 c:/ac6/systemworkbench/plugins/fr.ac6.mcu.externaltools.arm-none.win32_1.17.0.201812190825/tools/compiler/bin/../lib/gcc/arm-none-eabi/7.3.1/../../../../arm-none-eabi/lib/thumb/v7e-m/fpv5/hard\libc.a(lib_a-memchr.o)
                0x08000240                memchr
 .text          0x080002e0      0x134 c:/ac6/systemworkbench/plugins/fr.ac6.mcu.externaltools.arm-none.win32_1.17.0.201812190825/tools/compiler/bin/../lib/gcc/arm-none-eabi/7.3.1/../../../../arm-none-eabi/lib/thumb/v7e-m/fpv5/hard\libc.a(lib_a-memcpy.o)
                0x080002e0                memcpy
 *fill*         0x08000414       0x2c 
 .text          0x08000440       0xdc c:/ac6/systemworkbench/plugins/fr.ac6.mcu.externaltools.arm-none.win32_1.17.0.201812190825/tools/compiler/bin/../lib/gcc/arm-none-eabi/7.3.1/../../../../arm-none-eabi/lib/thumb/v7e-m/fpv5/hard\libc.a(lib_a-strlen.o)
                0x08000440                strlen
 .text          0x0800051c       0x30 c:/ac6/systemworkbench/plugins/fr.ac6.mcu.externaltools.arm-none.win32_1.17.0.201812190825/tools/compiler/bin/../lib/gcc/arm-none-eabi/7.3.1/thumb/v7e-m/fpv5/hard\libgcc.a(_aeabi_uldivmod.o)
                0x0800051c                __aeabi_uldivmod
 .text          0x0800054c      0x2cc c:/ac6/systemworkbench/plugins/fr.ac6.mcu.externaltools.arm-none.win32_1.17.0.201812190825/tools/compiler/bin/../lib/gcc/arm-none-eabi/7.3.1/thumb/v7e-m/fpv5/hard\libgcc.a(_udivmoddi4.o)
                0x0800054c                __udivmoddi4
 .text          0x08000818        0x4 c:/ac6/systemworkbench/plugins/fr.ac6.mcu.externaltools.arm-none.win32_1.17.0.201812190825/tools/compiler/bin/../lib/gcc/arm-none-eabi/7.3.1/thumb/v7e-m/fpv5/hard\libgcc.a(_dvmd_tls.o)
                0x08000818                __aeabi_idiv0
                0x08000818                __aeabi_ldiv0
 *(.text*)
 .text.SysTick_Config
                0x0800081c       0x30 src/Custom_Lib.o
 .text._msDelay
                0x0800084c       0x2c src/Custom_Lib.o
                0x0800084c                _msDelay
 .text.ClockConfigEx
                0x08000878       0xa0 src/Custom_Lib.o
                0x08000878                ClockConfigEx
 .text.SysTick_Handler
                0x08000918       0xa8 src/Custom_Lib.o
                0x08000918                SysTick_Handler
 .text.InitEvtHandler
                0x080009c0       0x4c src/EventHandlers.o
                0x080009c0                InitEvtHandler
 .text.EXTI15_10_IRQHandler
                0x08000a0c       0x24 src/EventHandlers.o
                0x08000a0c                EXTI15_10_IRQHandler
 .text.FAT16_INIT
                0x08000a30      0x528 src/FAT16.o
                0x08000a30                FAT16_INIT
 .text.SPI_Transfer
                0x08000f58       0x38 src/SDC.o
                0x08000f58                SPI_Transfer
 .text.SPI_SendCMD
                0x08000f90       0x64 src/SDC.o
                0x08000f90                SPI_SendCMD
 .text.WaitForR1
                0x08000ff4       0x26 src/SDC.o
                0x08000ff4                WaitForR1
 *fill*         0x0800101a        0x2 
 .text.SDC_INIT
                0x0800101c      0x24c src/SDC.o
                0x0800101c                SDC_INIT
 .text.SDC_SPI_Init
                0x08001268       0x9c src/SDC.o
                0x08001268                SDC_SPI_Init
 .text.Read_SDC
                0x08001304       0xfc src/SDC.o
                0x08001304                Read_SDC
 .text.Send_CMD
                0x08001400       0xc4 src/TFT.o
                0x08001400                Send_CMD
 .text.Send_Data
                0x080014c4      0x114 src/TFT.o
                0x080014c4                Send_Data
 .text.Paint_Colour
                0x080015d8      0x6f0 src/TFT.o
                0x080015d8                Paint_Colour
 .text.Init_Display
                0x08001cc8      0x31c src/TFT.o
                0x08001cc8                Init_Display
 .text.Init_TFT
                0x08001fe4      0x140 src/TFT.o
                0x08001fe4                Init_TFT
 .text.WriteText5x8
                0x08002124      0x848 src/TFT.o
                0x08002124                WriteText5x8
 .text.startup.main
                0x0800296c       0xac src/main.o
                0x0800296c                main
 .text._sbrk    0x08002a18       0x3c src/syscalls.o
                0x08002a18                _sbrk
 .text.SystemInit
                0x08002a54       0x50 src/system_stm32f7xx.o
                0x08002a54                SystemInit
 .text.SystemCoreClockUpdate
                0x08002aa4       0x70 src/system_stm32f7xx.o
                0x08002aa4                SystemCoreClockUpdate
 .text.Reset_Handler
                0x08002b14       0x50 startup/startup_stm32f767xx.o
                0x08002b14                Reset_Handler
 .text.Default_Handler
                0x08002b64        0x2 startup/startup_stm32f767xx.o
                0x08002b64                RTC_Alarm_IRQHandler
                0x08002b64                EXTI2_IRQHandler
                0x08002b64                TIM8_CC_IRQHandler
                0x08002b64                DebugMon_Handler
                0x08002b64                UART8_IRQHandler
                0x08002b64                SPI4_IRQHandler
                0x08002b64                TIM1_CC_IRQHandler
                0x08002b64                DMA2_Stream5_IRQHandler
                0x08002b64                HardFault_Handler
                0x08002b64                JPEG_IRQHandler
                0x08002b64                DMA1_Stream5_IRQHandler
                0x08002b64                CAN3_RX1_IRQHandler
                0x08002b64                PVD_IRQHandler
                0x08002b64                TAMP_STAMP_IRQHandler
                0x08002b64                PendSV_Handler
                0x08002b64                NMI_Handler
                0x08002b64                CAN2_RX1_IRQHandler
                0x08002b64                EXTI3_IRQHandler
                0x08002b64                TIM8_TRG_COM_TIM14_IRQHandler
                0x08002b64                DFSDM1_FLT1_IRQHandler
                0x08002b64                TIM1_UP_TIM10_IRQHandler
                0x08002b64                TIM8_UP_TIM13_IRQHandler
                0x08002b64                I2C3_ER_IRQHandler
                0x08002b64                DFSDM1_FLT2_IRQHandler
                0x08002b64                EXTI0_IRQHandler
                0x08002b64                I2C2_EV_IRQHandler
                0x08002b64                DMA1_Stream2_IRQHandler
                0x08002b64                CAN1_RX0_IRQHandler
                0x08002b64                FPU_IRQHandler
                0x08002b64                OTG_HS_WKUP_IRQHandler
                0x08002b64                CAN3_SCE_IRQHandler
                0x08002b64                UsageFault_Handler
                0x08002b64                LTDC_ER_IRQHandler
                0x08002b64                CAN2_SCE_IRQHandler
                0x08002b64                DMA2_Stream2_IRQHandler
                0x08002b64                SPI1_IRQHandler
                0x08002b64                TIM6_DAC_IRQHandler
                0x08002b64                TIM1_BRK_TIM9_IRQHandler
                0x08002b64                DCMI_IRQHandler
                0x08002b64                CAN2_RX0_IRQHandler
                0x08002b64                DMA2_Stream3_IRQHandler
                0x08002b64                SAI2_IRQHandler
                0x08002b64                DFSDM1_FLT3_IRQHandler
                0x08002b64                USART6_IRQHandler
                0x08002b64                CAN3_RX0_IRQHandler
                0x08002b64                USART3_IRQHandler
                0x08002b64                CAN1_RX1_IRQHandler
                0x08002b64                UART5_IRQHandler
                0x08002b64                DMA2_Stream0_IRQHandler
                0x08002b64                TIM4_IRQHandler
                0x08002b64                QUADSPI_IRQHandler
                0x08002b64                I2C1_EV_IRQHandler
                0x08002b64                DMA1_Stream6_IRQHandler
                0x08002b64                DMA1_Stream1_IRQHandler
                0x08002b64                UART4_IRQHandler
                0x08002b64                TIM3_IRQHandler
                0x08002b64                RCC_IRQHandler
                0x08002b64                TIM8_BRK_TIM12_IRQHandler
                0x08002b64                Default_Handler
                0x08002b64                CEC_IRQHandler
                0x08002b64                ADC_IRQHandler
                0x08002b64                DMA1_Stream7_IRQHandler
                0x08002b64                SPI5_IRQHandler
                0x08002b64                TIM7_IRQHandler
                0x08002b64                SDMMC1_IRQHandler
                0x08002b64                CAN2_TX_IRQHandler
                0x08002b64                TIM5_IRQHandler
                0x08002b64                DMA2_Stream7_IRQHandler
                0x08002b64                I2C3_EV_IRQHandler
                0x08002b64                EXTI9_5_IRQHandler
                0x08002b64                RTC_WKUP_IRQHandler
                0x08002b64                LTDC_IRQHandler
                0x08002b64                ETH_WKUP_IRQHandler
                0x08002b64                SPDIF_RX_IRQHandler
                0x08002b64                SPI2_IRQHandler
                0x08002b64                OTG_HS_EP1_IN_IRQHandler
                0x08002b64                MemManage_Handler
                0x08002b64                DMA1_Stream0_IRQHandler
                0x08002b64                CAN1_TX_IRQHandler
                0x08002b64                SVC_Handler
                0x08002b64                EXTI4_IRQHandler
                0x08002b64                RNG_IRQHandler
                0x08002b64                ETH_IRQHandler
                0x08002b64                OTG_HS_EP1_OUT_IRQHandler
                0x08002b64                WWDG_IRQHandler
                0x08002b64                SPI6_IRQHandler
                0x08002b64                MDIOS_IRQHandler
                0x08002b64                I2C4_EV_IRQHandler
                0x08002b64                CAN3_TX_IRQHandler
                0x08002b64                TIM2_IRQHandler
                0x08002b64                OTG_FS_WKUP_IRQHandler
                0x08002b64                TIM1_TRG_COM_TIM11_IRQHandler
                0x08002b64                OTG_HS_IRQHandler
                0x08002b64                DMA2D_IRQHandler
                0x08002b64                EXTI1_IRQHandler
                0x08002b64                SDMMC2_IRQHandler
                0x08002b64                UART7_IRQHandler
                0x08002b64                USART2_IRQHandler
                0x08002b64                DFSDM1_FLT0_IRQHandler
                0x08002b64                I2C2_ER_IRQHandler
                0x08002b64                DMA2_Stream1_IRQHandler
                0x08002b64                CAN1_SCE_IRQHandler
                0x08002b64                FLASH_IRQHandler
                0x08002b64                DMA2_Stream4_IRQHandler
                0x08002b64                BusFault_Handler
                0x08002b64                USART1_IRQHandler
                0x08002b64                OTG_FS_IRQHandler
                0x08002b64                SPI3_IRQHandler
                0x08002b64                DMA1_Stream4_IRQHandler
                0x08002b64                I2C1_ER_IRQHandler
                0x08002b64                FMC_IRQHandler
                0x08002b64                LPTIM1_IRQHandler
                0x08002b64                I2C4_ER_IRQHandler
                0x08002b64                DMA2_Stream6_IRQHandler
                0x08002b64                SAI1_IRQHandler
                0x08002b64                DMA1_Stream3_IRQHandler
 *fill*         0x08002b66        0x2 
 .text.__errno  0x08002b68        0xc c:/ac6/systemworkbench/plugins/fr.ac6.mcu.externaltools.arm-none.win32_1.17.0.201812190825/tools/compiler/bin/../lib/gcc/arm-none-eabi/7.3.1/../../../../arm-none-eabi/lib/thumb/v7e-m/fpv5/hard\libc.a(lib_a-errno.o)
                0x08002b68                __errno
 .text.__libc_init_array
                0x08002b74       0x48 c:/ac6/systemworkbench/plugins/fr.ac6.mcu.externaltools.arm-none.win32_1.17.0.201812190825/tools/compiler/bin/../lib/gcc/arm-none-eabi/7.3.1/../../../../arm-none-eabi/lib/thumb/v7e-m/fpv5/hard\libc.a(lib_a-init.o)
                0x08002b74                __libc_init_array
 .text.memset   0x08002bbc       0x94 c:/ac6/systemworkbench/plugins/fr.ac6.mcu.externaltools.arm-none.win32_1.17.0.201812190825/tools/compiler/bin/../lib/gcc/arm-none-eabi/7.3.1/../../../../arm-none-eabi/lib/thumb/v7e-m/fpv5/hard\libc.a(lib_a-memset.o)
                0x08002bbc                memset
 .text.sprintf  0x08002c50       0x44 c:/ac6/systemworkbench/plugins/fr.ac6.mcu.externaltools.arm-none.win32_1.17.0.201812190825/tools/compiler/bin/../lib/gcc/arm-none-eabi/7.3.1/../../../../arm-none-eabi/lib/thumb/v7e-m/fpv5/hard\libc.a(lib_a-sprintf.o)
                0x08002c50                sprintf
 *fill*         0x08002c94        0x4 
 .text._svfprintf_r
                0x08002c98     0x1870 c:/ac6/systemworkbench/plugins/fr.ac6.mcu.externaltools.arm-none.win32_1.17.0.201812190825/tools/compiler/bin/../lib/gcc/arm-none-eabi/7.3.1/../../../../arm-none-eabi/lib/thumb/v7e-m/fpv5/hard\libc.a(lib_a-svfprintf.o)
                0x08002c98                _svfprintf_r
 .text.startup.register_fini
                0x08004508       0x14 c:/ac6/systemworkbench/plugins/fr.ac6.mcu.externaltools.arm-none.win32_1.17.0.201812190825/tools/compiler/bin/../lib/gcc/arm-none-eabi/7.3.1/../../../../arm-none-eabi/lib/thumb/v7e-m/fpv5/hard\libc.a(lib_a-__call_atexit.o)
 .text.atexit   0x0800451c        0xc c:/ac6/systemworkbench/plugins/fr.ac6.mcu.externaltools.arm-none.win32_1.17.0.201812190825/tools/compiler/bin/../lib/gcc/arm-none-eabi/7.3.1/../../../../arm-none-eabi/lib/thumb/v7e-m/fpv5/hard\libc.a(lib_a-atexit.o)
                0x0800451c                atexit
 .text.quorem   0x08004528      0x124 c:/ac6/systemworkbench/plugins/fr.ac6.mcu.externaltools.arm-none.win32_1.17.0.201812190825/tools/compiler/bin/../lib/gcc/arm-none-eabi/7.3.1/../../../../arm-none-eabi/lib/thumb/v7e-m/fpv5/hard\libc.a(lib_a-dtoa.o)
 *fill*         0x0800464c        0x4 
 .text._dtoa_r  0x08004650      0xc1c c:/ac6/systemworkbench/plugins/fr.ac6.mcu.externaltools.arm-none.win32_1.17.0.201812190825/tools/compiler/bin/../lib/gcc/arm-none-eabi/7.3.1/../../../../arm-none-eabi/lib/thumb/v7e-m/fpv5/hard\libc.a(lib_a-dtoa.o)
                0x08004650                _dtoa_r
 .text.__libc_fini_array
                0x0800526c       0x34 c:/ac6/systemworkbench/plugins/fr.ac6.mcu.externaltools.arm-none.win32_1.17.0.201812190825/tools/compiler/bin/../lib/gcc/arm-none-eabi/7.3.1/../../../../arm-none-eabi/lib/thumb/v7e-m/fpv5/hard\libc.a(lib_a-fini.o)
                0x0800526c                __libc_fini_array
 .text._malloc_trim_r
                0x080052a0       0xa0 c:/ac6/systemworkbench/plugins/fr.ac6.mcu.externaltools.arm-none.win32_1.17.0.201812190825/tools/compiler/bin/../lib/gcc/arm-none-eabi/7.3.1/../../../../arm-none-eabi/lib/thumb/v7e-m/fpv5/hard\libc.a(lib_a-freer.o)
                0x080052a0                _malloc_trim_r
 .text._free_r  0x08005340      0x1e8 c:/ac6/systemworkbench/plugins/fr.ac6.mcu.externaltools.arm-none.win32_1.17.0.201812190825/tools/compiler/bin/../lib/gcc/arm-none-eabi/7.3.1/../../../../arm-none-eabi/lib/thumb/v7e-m/fpv5/hard\libc.a(lib_a-freer.o)
                0x08005340                _free_r
 .text._localeconv_r
                0x08005528       0x1c c:/ac6/systemworkbench/plugins/fr.ac6.mcu.externaltools.arm-none.win32_1.17.0.201812190825/tools/compiler/bin/../lib/gcc/arm-none-eabi/7.3.1/../../../../arm-none-eabi/lib/thumb/v7e-m/fpv5/hard\libc.a(lib_a-localeconv.o)
                0x08005528                _localeconv_r
 .text.__retarget_lock_acquire_recursive
                0x08005544        0x4 c:/ac6/systemworkbench/plugins/fr.ac6.mcu.externaltools.arm-none.win32_1.17.0.201812190825/tools/compiler/bin/../lib/gcc/arm-none-eabi/7.3.1/../../../../arm-none-eabi/lib/thumb/v7e-m/fpv5/hard\libc.a(lib_a-lock.o)
                0x08005544                __retarget_lock_acquire_recursive
 .text.__retarget_lock_release_recursive
                0x08005548        0x4 c:/ac6/systemworkbench/plugins/fr.ac6.mcu.externaltools.arm-none.win32_1.17.0.201812190825/tools/compiler/bin/../lib/gcc/arm-none-eabi/7.3.1/../../../../arm-none-eabi/lib/thumb/v7e-m/fpv5/hard\libc.a(lib_a-lock.o)
                0x08005548                __retarget_lock_release_recursive
 .text._malloc_r
                0x0800554c      0x548 c:/ac6/systemworkbench/plugins/fr.ac6.mcu.externaltools.arm-none.win32_1.17.0.201812190825/tools/compiler/bin/../lib/gcc/arm-none-eabi/7.3.1/../../../../arm-none-eabi/lib/thumb/v7e-m/fpv5/hard\libc.a(lib_a-mallocr.o)
                0x0800554c                _malloc_r
 .text.__malloc_lock
                0x08005a94        0xc c:/ac6/systemworkbench/plugins/fr.ac6.mcu.externaltools.arm-none.win32_1.17.0.201812190825/tools/compiler/bin/../lib/gcc/arm-none-eabi/7.3.1/../../../../arm-none-eabi/lib/thumb/v7e-m/fpv5/hard\libc.a(lib_a-mlock.o)
                0x08005a94                __malloc_lock
 .text.__malloc_unlock
                0x08005aa0        0xc c:/ac6/systemworkbench/plugins/fr.ac6.mcu.externaltools.arm-none.win32_1.17.0.201812190825/tools/compiler/bin/../lib/gcc/arm-none-eabi/7.3.1/../../../../arm-none-eabi/lib/thumb/v7e-m/fpv5/hard\libc.a(lib_a-mlock.o)
                0x08005aa0                __malloc_unlock
 .text._Balloc  0x08005aac       0x4c c:/ac6/systemworkbench/plugins/fr.ac6.mcu.externaltools.arm-none.win32_1.17.0.201812190825/tools/compiler/bin/../lib/gcc/arm-none-eabi/7.3.1/../../../../arm-none-eabi/lib/thumb/v7e-m/fpv5/hard\libc.a(lib_a-mprec.o)
                0x08005aac                _Balloc
 .text._Bfree   0x08005af8       0x14 c:/ac6/systemworkbench/plugins/fr.ac6.mcu.externaltools.arm-none.win32_1.17.0.201812190825/tools/compiler/bin/../lib/gcc/arm-none-eabi/7.3.1/../../../../arm-none-eabi/lib/thumb/v7e-m/fpv5/hard\libc.a(lib_a-mprec.o)
                0x08005af8                _Bfree
 .text.__multadd
                0x08005b0c       0x80 c:/ac6/systemworkbench/plugins/fr.ac6.mcu.externaltools.arm-none.win32_1.17.0.201812190825/tools/compiler/bin/../lib/gcc/arm-none-eabi/7.3.1/../../../../arm-none-eabi/lib/thumb/v7e-m/fpv5/hard\libc.a(lib_a-mprec.o)
                0x08005b0c                __multadd
 .text.__hi0bits
                0x08005b8c       0x40 c:/ac6/systemworkbench/plugins/fr.ac6.mcu.externaltools.arm-none.win32_1.17.0.201812190825/tools/compiler/bin/../lib/gcc/arm-none-eabi/7.3.1/../../../../arm-none-eabi/lib/thumb/v7e-m/fpv5/hard\libc.a(lib_a-mprec.o)
                0x08005b8c                __hi0bits
 .text.__lo0bits
                0x08005bcc       0x60 c:/ac6/systemworkbench/plugins/fr.ac6.mcu.externaltools.arm-none.win32_1.17.0.201812190825/tools/compiler/bin/../lib/gcc/arm-none-eabi/7.3.1/../../../../arm-none-eabi/lib/thumb/v7e-m/fpv5/hard\libc.a(lib_a-mprec.o)
                0x08005bcc                __lo0bits
 .text.__i2b    0x08005c2c       0x14 c:/ac6/systemworkbench/plugins/fr.ac6.mcu.externaltools.arm-none.win32_1.17.0.201812190825/tools/compiler/bin/../lib/gcc/arm-none-eabi/7.3.1/../../../../arm-none-eabi/lib/thumb/v7e-m/fpv5/hard\libc.a(lib_a-mprec.o)
                0x08005c2c                __i2b
 .text.__multiply
                0x08005c40      0x14c c:/ac6/systemworkbench/plugins/fr.ac6.mcu.externaltools.arm-none.win32_1.17.0.201812190825/tools/compiler/bin/../lib/gcc/arm-none-eabi/7.3.1/../../../../arm-none-eabi/lib/thumb/v7e-m/fpv5/hard\libc.a(lib_a-mprec.o)
                0x08005c40                __multiply
 .text.__pow5mult
                0x08005d8c       0xa0 c:/ac6/systemworkbench/plugins/fr.ac6.mcu.externaltools.arm-none.win32_1.17.0.201812190825/tools/compiler/bin/../lib/gcc/arm-none-eabi/7.3.1/../../../../arm-none-eabi/lib/thumb/v7e-m/fpv5/hard\libc.a(lib_a-mprec.o)
                0x08005d8c                __pow5mult
 .text.__lshift
                0x08005e2c       0xac c:/ac6/systemworkbench/plugins/fr.ac6.mcu.externaltools.arm-none.win32_1.17.0.201812190825/tools/compiler/bin/../lib/gcc/arm-none-eabi/7.3.1/../../../../arm-none-eabi/lib/thumb/v7e-m/fpv5/hard\libc.a(lib_a-mprec.o)
                0x08005e2c                __lshift
 .text.__mcmp   0x08005ed8       0x38 c:/ac6/systemworkbench/plugins/fr.ac6.mcu.externaltools.arm-none.win32_1.17.0.201812190825/tools/compiler/bin/../lib/gcc/arm-none-eabi/7.3.1/../../../../arm-none-eabi/lib/thumb/v7e-m/fpv5/hard\libc.a(lib_a-mprec.o)
                0x08005ed8                __mcmp
 .text.__mdiff  0x08005f10       0xec c:/ac6/systemworkbench/plugins/fr.ac6.mcu.externaltools.arm-none.win32_1.17.0.201812190825/tools/compiler/bin/../lib/gcc/arm-none-eabi/7.3.1/../../../../arm-none-eabi/lib/thumb/v7e-m/fpv5/hard\libc.a(lib_a-mprec.o)
                0x08005f10                __mdiff
 .text.__d2b    0x08005ffc       0xc4 c:/ac6/systemworkbench/plugins/fr.ac6.mcu.externaltools.arm-none.win32_1.17.0.201812190825/tools/compiler/bin/../lib/gcc/arm-none-eabi/7.3.1/../../../../arm-none-eabi/lib/thumb/v7e-m/fpv5/hard\libc.a(lib_a-mprec.o)
                0x08005ffc                __d2b
 .text.frexp    0x080060c0       0x74 c:/ac6/systemworkbench/plugins/fr.ac6.mcu.externaltools.arm-none.win32_1.17.0.201812190825/tools/compiler/bin/../lib/gcc/arm-none-eabi/7.3.1/../../../../arm-none-eabi/lib/thumb/v7e-m/fpv5/hard\libc.a(lib_a-s_frexp.o)
                0x080060c0                frexp
 .text._sbrk_r  0x08006134       0x24 c:/ac6/systemworkbench/plugins/fr.ac6.mcu.externaltools.arm-none.win32_1.17.0.201812190825/tools/compiler/bin/../lib/gcc/arm-none-eabi/7.3.1/../../../../arm-none-eabi/lib/thumb/v7e-m/fpv5/hard\libc.a(lib_a-sbrkr.o)
                0x08006134                _sbrk_r
 .text.strncpy  0x08006158       0x64 c:/ac6/systemworkbench/plugins/fr.ac6.mcu.externaltools.arm-none.win32_1.17.0.201812190825/tools/compiler/bin/../lib/gcc/arm-none-eabi/7.3.1/../../../../arm-none-eabi/lib/thumb/v7e-m/fpv5/hard\libc.a(lib_a-strncpy.o)
                0x08006158                strncpy
 .text.__ssprint_r
                0x080061bc       0xf4 c:/ac6/systemworkbench/plugins/fr.ac6.mcu.externaltools.arm-none.win32_1.17.0.201812190825/tools/compiler/bin/../lib/gcc/arm-none-eabi/7.3.1/../../../../arm-none-eabi/lib/thumb/v7e-m/fpv5/hard\libc.a(lib_a-svfiprintf.o)
                0x080061bc                __ssprint_r
 .text.__register_exitproc
                0x080062b0       0xc0 c:/ac6/systemworkbench/plugins/fr.ac6.mcu.externaltools.arm-none.win32_1.17.0.201812190825/tools/compiler/bin/../lib/gcc/arm-none-eabi/7.3.1/../../../../arm-none-eabi/lib/thumb/v7e-m/fpv5/hard\libc.a(lib_a-__atexit.o)
                0x080062b0                __register_exitproc
 .text._calloc_r
                0x08006370       0x68 c:/ac6/systemworkbench/plugins/fr.ac6.mcu.externaltools.arm-none.win32_1.17.0.201812190825/tools/compiler/bin/../lib/gcc/arm-none-eabi/7.3.1/../../../../arm-none-eabi/lib/thumb/v7e-m/fpv5/hard\libc.a(lib_a-callocr.o)
                0x08006370                _calloc_r
 .text.__ascii_mbtowc
                0x080063d8       0x2c c:/ac6/systemworkbench/plugins/fr.ac6.mcu.externaltools.arm-none.win32_1.17.0.201812190825/tools/compiler/bin/../lib/gcc/arm-none-eabi/7.3.1/../../../../arm-none-eabi/lib/thumb/v7e-m/fpv5/hard\libc.a(lib_a-mbtowc_r.o)
                0x080063d8                __ascii_mbtowc
 .text.memmove  0x08006404       0xc8 c:/ac6/systemworkbench/plugins/fr.ac6.mcu.externaltools.arm-none.win32_1.17.0.201812190825/tools/compiler/bin/../lib/gcc/arm-none-eabi/7.3.1/../../../../arm-none-eabi/lib/thumb/v7e-m/fpv5/hard\libc.a(lib_a-memmove.o)
                0x08006404                memmove
 .text._realloc_r
                0x080064cc      0x35c c:/ac6/systemworkbench/plugins/fr.ac6.mcu.externaltools.arm-none.win32_1.17.0.201812190825/tools/compiler/bin/../lib/gcc/arm-none-eabi/7.3.1/../../../../arm-none-eabi/lib/thumb/v7e-m/fpv5/hard\libc.a(lib_a-reallocr.o)
                0x080064cc                _realloc_r
 .text.__ascii_wctomb
                0x08006828       0x1c c:/ac6/systemworkbench/plugins/fr.ac6.mcu.externaltools.arm-none.win32_1.17.0.201812190825/tools/compiler/bin/../lib/gcc/arm-none-eabi/7.3.1/../../../../arm-none-eabi/lib/thumb/v7e-m/fpv5/hard\libc.a(lib_a-wctomb_r.o)
                0x08006828                __ascii_wctomb
 *(.glue_7)
 .glue_7        0x08006844        0x0 linker stubs
 *(.glue_7t)
 .glue_7t       0x08006844        0x0 linker stubs
 *(.eh_frame)
 .eh_frame      0x08006844        0x0 c:/ac6/systemworkbench/plugins/fr.ac6.mcu.externaltools.arm-none.win32_1.17.0.201812190825/tools/compiler/bin/../lib/gcc/arm-none-eabi/7.3.1/thumb/v7e-m/fpv5/hard/crtbegin.o
 *(.init)
 .init          0x08006844        0x4 c:/ac6/systemworkbench/plugins/fr.ac6.mcu.externaltools.arm-none.win32_1.17.0.201812190825/tools/compiler/bin/../lib/gcc/arm-none-eabi/7.3.1/thumb/v7e-m/fpv5/hard/crti.o
                0x08006844                _init
 .init          0x08006848        0x8 c:/ac6/systemworkbench/plugins/fr.ac6.mcu.externaltools.arm-none.win32_1.17.0.201812190825/tools/compiler/bin/../lib/gcc/arm-none-eabi/7.3.1/thumb/v7e-m/fpv5/hard/crtn.o
 *(.fini)
 .fini          0x08006850        0x4 c:/ac6/systemworkbench/plugins/fr.ac6.mcu.externaltools.arm-none.win32_1.17.0.201812190825/tools/compiler/bin/../lib/gcc/arm-none-eabi/7.3.1/thumb/v7e-m/fpv5/hard/crti.o
                0x08006850                _fini
 .fini          0x08006854        0x8 c:/ac6/systemworkbench/plugins/fr.ac6.mcu.externaltools.arm-none.win32_1.17.0.201812190825/tools/compiler/bin/../lib/gcc/arm-none-eabi/7.3.1/thumb/v7e-m/fpv5/hard/crtn.o
                0x0800685c                . = ALIGN (0x4)
                0x0800685c                _etext = .

.vfp11_veneer   0x0800685c        0x0
 .vfp11_veneer  0x0800685c        0x0 linker stubs

.v4_bx          0x0800685c        0x0
 .v4_bx         0x0800685c        0x0 linker stubs

.iplt           0x0800685c        0x0
 .iplt          0x0800685c        0x0 c:/ac6/systemworkbench/plugins/fr.ac6.mcu.externaltools.arm-none.win32_1.17.0.201812190825/tools/compiler/bin/../lib/gcc/arm-none-eabi/7.3.1/thumb/v7e-m/fpv5/hard/crtbegin.o

.rodata         0x08006860      0x578
                0x08006860                . = ALIGN (0x4)
 *(.rodata)
 .rodata        0x08006860       0xef src/SDC.o
 *fill*         0x0800694f        0x1 
 .rodata        0x08006950        0x8 src/TFT.o
 .rodata        0x08006958       0x18 src/system_stm32f7xx.o
                0x08006958                AHBPrescTable
                0x08006968                APBPrescTable
 *(.rodata*)
 .rodata.str1.4
                0x08006970      0x1b1 src/FAT16.o
 *fill*         0x08006b21        0x3 
 .rodata.str1.4
                0x08006b24       0x27 src/main.o
 *fill*         0x08006b4b        0x1 
 .rodata._global_impure_ptr
                0x08006b4c        0x4 c:/ac6/systemworkbench/plugins/fr.ac6.mcu.externaltools.arm-none.win32_1.17.0.201812190825/tools/compiler/bin/../lib/gcc/arm-none-eabi/7.3.1/../../../../arm-none-eabi/lib/thumb/v7e-m/fpv5/hard\libc.a(lib_a-impure.o)
                0x08006b4c                _global_impure_ptr
 .rodata._svfprintf_r.str1.4
                0x08006b50       0x42 c:/ac6/systemworkbench/plugins/fr.ac6.mcu.externaltools.arm-none.win32_1.17.0.201812190825/tools/compiler/bin/../lib/gcc/arm-none-eabi/7.3.1/../../../../arm-none-eabi/lib/thumb/v7e-m/fpv5/hard\libc.a(lib_a-svfprintf.o)
 *fill*         0x08006b92        0x2 
 .rodata.blanks.8590
                0x08006b94       0x10 c:/ac6/systemworkbench/plugins/fr.ac6.mcu.externaltools.arm-none.win32_1.17.0.201812190825/tools/compiler/bin/../lib/gcc/arm-none-eabi/7.3.1/../../../../arm-none-eabi/lib/thumb/v7e-m/fpv5/hard\libc.a(lib_a-svfprintf.o)
 .rodata.zeroes.8591
                0x08006ba4       0x10 c:/ac6/systemworkbench/plugins/fr.ac6.mcu.externaltools.arm-none.win32_1.17.0.201812190825/tools/compiler/bin/../lib/gcc/arm-none-eabi/7.3.1/../../../../arm-none-eabi/lib/thumb/v7e-m/fpv5/hard\libc.a(lib_a-svfprintf.o)
 .rodata._dtoa_r.str1.4
                0x08006bb4       0x10 c:/ac6/systemworkbench/plugins/fr.ac6.mcu.externaltools.arm-none.win32_1.17.0.201812190825/tools/compiler/bin/../lib/gcc/arm-none-eabi/7.3.1/../../../../arm-none-eabi/lib/thumb/v7e-m/fpv5/hard\libc.a(lib_a-dtoa.o)
                                 0x12 (size before relaxing)
 *fill*         0x08006bc4        0x4 
 .rodata.__mprec_bigtens
                0x08006bc8       0x28 c:/ac6/systemworkbench/plugins/fr.ac6.mcu.externaltools.arm-none.win32_1.17.0.201812190825/tools/compiler/bin/../lib/gcc/arm-none-eabi/7.3.1/../../../../arm-none-eabi/lib/thumb/v7e-m/fpv5/hard\libc.a(lib_a-mprec.o)
                0x08006bc8                __mprec_bigtens
 .rodata.__mprec_tens
                0x08006bf0       0xc8 c:/ac6/systemworkbench/plugins/fr.ac6.mcu.externaltools.arm-none.win32_1.17.0.201812190825/tools/compiler/bin/../lib/gcc/arm-none-eabi/7.3.1/../../../../arm-none-eabi/lib/thumb/v7e-m/fpv5/hard\libc.a(lib_a-mprec.o)
                0x08006bf0                __mprec_tens
 .rodata.p05.7367
                0x08006cb8        0xc c:/ac6/systemworkbench/plugins/fr.ac6.mcu.externaltools.arm-none.win32_1.17.0.201812190825/tools/compiler/bin/../lib/gcc/arm-none-eabi/7.3.1/../../../../arm-none-eabi/lib/thumb/v7e-m/fpv5/hard\libc.a(lib_a-mprec.o)
 .rodata._setlocale_r.str1.4
                0x08006cc4        0xa c:/ac6/systemworkbench/plugins/fr.ac6.mcu.externaltools.arm-none.win32_1.17.0.201812190825/tools/compiler/bin/../lib/gcc/arm-none-eabi/7.3.1/../../../../arm-none-eabi/lib/thumb/v7e-m/fpv5/hard\libc.a(lib_a-locale.o)
                                  0xd (size before relaxing)
 *fill*         0x08006cce        0x2 
 .rodata.str1.4
                0x08006cd0        0x4 c:/ac6/systemworkbench/plugins/fr.ac6.mcu.externaltools.arm-none.win32_1.17.0.201812190825/tools/compiler/bin/../lib/gcc/arm-none-eabi/7.3.1/../../../../arm-none-eabi/lib/thumb/v7e-m/fpv5/hard\libc.a(lib_a-locale.o)
                                  0x2 (size before relaxing)
 .rodata._ctype_
                0x08006cd4      0x101 c:/ac6/systemworkbench/plugins/fr.ac6.mcu.externaltools.arm-none.win32_1.17.0.201812190825/tools/compiler/bin/../lib/gcc/arm-none-eabi/7.3.1/../../../../arm-none-eabi/lib/thumb/v7e-m/fpv5/hard\libc.a(lib_a-ctype_.o)
                0x08006cd4                _ctype_
                0x08006dd8                . = ALIGN (0x4)
 *fill*         0x08006dd5        0x3 

.ARM.extab
 *(.ARM.extab* .gnu.linkonce.armextab.*)

.ARM            0x08006dd8        0x8
                0x08006dd8                __exidx_start = .
 *(.ARM.exidx*)
 .ARM.exidx     0x08006dd8        0x8 c:/ac6/systemworkbench/plugins/fr.ac6.mcu.externaltools.arm-none.win32_1.17.0.201812190825/tools/compiler/bin/../lib/gcc/arm-none-eabi/7.3.1/thumb/v7e-m/fpv5/hard\libgcc.a(_udivmoddi4.o)
                0x08006de0                __exidx_end = .

.rel.dyn        0x08006de0        0x0
 .rel.iplt      0x08006de0        0x0 c:/ac6/systemworkbench/plugins/fr.ac6.mcu.externaltools.arm-none.win32_1.17.0.201812190825/tools/compiler/bin/../lib/gcc/arm-none-eabi/7.3.1/thumb/v7e-m/fpv5/hard/crtbegin.o

.preinit_array  0x08006de0        0x0
                0x08006de0                PROVIDE (__preinit_array_start = .)
 *(.preinit_array*)
                0x08006de0                PROVIDE (__preinit_array_end = .)

.init_array     0x08006de0        0x8
                0x08006de0                PROVIDE (__init_array_start = .)
 *(SORT_BY_NAME(.init_array.*))
 .init_array.00000
                0x08006de0        0x4 c:/ac6/systemworkbench/plugins/fr.ac6.mcu.externaltools.arm-none.win32_1.17.0.201812190825/tools/compiler/bin/../lib/gcc/arm-none-eabi/7.3.1/../../../../arm-none-eabi/lib/thumb/v7e-m/fpv5/hard\libc.a(lib_a-__call_atexit.o)
 *(.init_array*)
 .init_array    0x08006de4        0x4 c:/ac6/systemworkbench/plugins/fr.ac6.mcu.externaltools.arm-none.win32_1.17.0.201812190825/tools/compiler/bin/../lib/gcc/arm-none-eabi/7.3.1/thumb/v7e-m/fpv5/hard/crtbegin.o
                0x08006de8                PROVIDE (__init_array_end = .)

.fini_array     0x08006de8        0x4
                0x08006de8                PROVIDE (__fini_array_start = .)
 *(SORT_BY_NAME(.fini_array.*))
 *(.fini_array*)
 .fini_array    0x08006de8        0x4 c:/ac6/systemworkbench/plugins/fr.ac6.mcu.externaltools.arm-none.win32_1.17.0.201812190825/tools/compiler/bin/../lib/gcc/arm-none-eabi/7.3.1/thumb/v7e-m/fpv5/hard/crtbegin.o
                0x08006dec                PROVIDE (__fini_array_end = .)
                0x08006dec                _sidata = LOADADDR (.data)

.data           0x20000000      0xb90 load address 0x08006dec
                0x20000000                . = ALIGN (0x4)
                0x20000000                _sdata = .
 *(.data)
 .data          0x20000000      0x1db src/Font.o
                0x20000000                TEXT5x8
 *fill*         0x200001db        0x1 
 .data          0x200001dc        0x4 src/system_stm32f7xx.o
                0x200001dc                SystemCoreClock
 *(.data*)
 .data._impure_ptr
                0x200001e0        0x4 c:/ac6/systemworkbench/plugins/fr.ac6.mcu.externaltools.arm-none.win32_1.17.0.201812190825/tools/compiler/bin/../lib/gcc/arm-none-eabi/7.3.1/../../../../arm-none-eabi/lib/thumb/v7e-m/fpv5/hard\libc.a(lib_a-impure.o)
                0x200001e0                _impure_ptr
 *fill*         0x200001e4        0x4 
 .data.impure_data
                0x200001e8      0x428 c:/ac6/systemworkbench/plugins/fr.ac6.mcu.externaltools.arm-none.win32_1.17.0.201812190825/tools/compiler/bin/../lib/gcc/arm-none-eabi/7.3.1/../../../../arm-none-eabi/lib/thumb/v7e-m/fpv5/hard\libc.a(lib_a-impure.o)
 .data.__atexit_recursive_mutex
                0x20000610        0x4 c:/ac6/systemworkbench/plugins/fr.ac6.mcu.externaltools.arm-none.win32_1.17.0.201812190825/tools/compiler/bin/../lib/gcc/arm-none-eabi/7.3.1/../../../../arm-none-eabi/lib/thumb/v7e-m/fpv5/hard\libc.a(lib_a-__call_atexit.o)
                0x20000610                __atexit_recursive_mutex
 .data.__malloc_av_
                0x20000614      0x408 c:/ac6/systemworkbench/plugins/fr.ac6.mcu.externaltools.arm-none.win32_1.17.0.201812190825/tools/compiler/bin/../lib/gcc/arm-none-eabi/7.3.1/../../../../arm-none-eabi/lib/thumb/v7e-m/fpv5/hard\libc.a(lib_a-mallocr.o)
                0x20000614                __malloc_av_
 .data.__malloc_sbrk_base
                0x20000a1c        0x4 c:/ac6/systemworkbench/plugins/fr.ac6.mcu.externaltools.arm-none.win32_1.17.0.201812190825/tools/compiler/bin/../lib/gcc/arm-none-eabi/7.3.1/../../../../arm-none-eabi/lib/thumb/v7e-m/fpv5/hard\libc.a(lib_a-mallocr.o)
                0x20000a1c                __malloc_sbrk_base
 .data.__malloc_trim_threshold
                0x20000a20        0x4 c:/ac6/systemworkbench/plugins/fr.ac6.mcu.externaltools.arm-none.win32_1.17.0.201812190825/tools/compiler/bin/../lib/gcc/arm-none-eabi/7.3.1/../../../../arm-none-eabi/lib/thumb/v7e-m/fpv5/hard\libc.a(lib_a-mallocr.o)
                0x20000a20                __malloc_trim_threshold
 .data.__global_locale
                0x20000a24      0x16c c:/ac6/systemworkbench/plugins/fr.ac6.mcu.externaltools.arm-none.win32_1.17.0.201812190825/tools/compiler/bin/../lib/gcc/arm-none-eabi/7.3.1/../../../../arm-none-eabi/lib/thumb/v7e-m/fpv5/hard\libc.a(lib_a-locale.o)
                0x20000a24                __global_locale
                0x20000b90                . = ALIGN (0x4)
                0x20000b90                _edata = .

.igot.plt       0x20000b90        0x0 load address 0x0800797c
 .igot.plt      0x20000b90        0x0 c:/ac6/systemworkbench/plugins/fr.ac6.mcu.externaltools.arm-none.win32_1.17.0.201812190825/tools/compiler/bin/../lib/gcc/arm-none-eabi/7.3.1/thumb/v7e-m/fpv5/hard/crtbegin.o
                0x20000b90                . = ALIGN (0x4)

.bss            0x20000b90      0x2e4 load address 0x0800797c
                0x20000b90                _sbss = .
                0x20000b90                __bss_start__ = _sbss
 *(.bss)
 .bss           0x20000b90       0x1c c:/ac6/systemworkbench/plugins/fr.ac6.mcu.externaltools.arm-none.win32_1.17.0.201812190825/tools/compiler/bin/../lib/gcc/arm-none-eabi/7.3.1/thumb/v7e-m/fpv5/hard/crtbegin.o
 .bss           0x20000bac      0x264 src/main.o
                0x20000bac                sec
                0x20000bae                min
                0x20000bb0                hour
                0x20000bb2                RaiseCount
                0x20000bb4                FallCount
                0x20000bb6                ClickEvent
                0x20000bb8                fileInfo
                0x20000bcc                mBR
                0x20000bf0                DataEntry
                0x20000bf4                RootDirEntry
                0x20000bf8                FAT2Entry
                0x20000bfc                FAT1Entry
                0x20000c00                partitionEntry
                0x20000c04                addressPointer
                0x20000c08                SectorCounter
                0x20000c0c                ReadData
                0x20000e0c                delayCounts
                0x20000e0e                mSec
 .bss           0x20000e10        0x8 src/syscalls.o
                0x20000e14                __env
 *(.bss*)
 .bss.__malloc_current_mallinfo
                0x20000e18       0x28 c:/ac6/systemworkbench/plugins/fr.ac6.mcu.externaltools.arm-none.win32_1.17.0.201812190825/tools/compiler/bin/../lib/gcc/arm-none-eabi/7.3.1/../../../../arm-none-eabi/lib/thumb/v7e-m/fpv5/hard\libc.a(lib_a-mallocr.o)
                0x20000e18                __malloc_current_mallinfo
 .bss.__malloc_max_sbrked_mem
                0x20000e40        0x4 c:/ac6/systemworkbench/plugins/fr.ac6.mcu.externaltools.arm-none.win32_1.17.0.201812190825/tools/compiler/bin/../lib/gcc/arm-none-eabi/7.3.1/../../../../arm-none-eabi/lib/thumb/v7e-m/fpv5/hard\libc.a(lib_a-mallocr.o)
                0x20000e40                __malloc_max_sbrked_mem
 .bss.__malloc_max_total_mem
                0x20000e44        0x4 c:/ac6/systemworkbench/plugins/fr.ac6.mcu.externaltools.arm-none.win32_1.17.0.201812190825/tools/compiler/bin/../lib/gcc/arm-none-eabi/7.3.1/../../../../arm-none-eabi/lib/thumb/v7e-m/fpv5/hard\libc.a(lib_a-mallocr.o)
                0x20000e44                __malloc_max_total_mem
 .bss.__malloc_top_pad
                0x20000e48        0x4 c:/ac6/systemworkbench/plugins/fr.ac6.mcu.externaltools.arm-none.win32_1.17.0.201812190825/tools/compiler/bin/../lib/gcc/arm-none-eabi/7.3.1/../../../../arm-none-eabi/lib/thumb/v7e-m/fpv5/hard\libc.a(lib_a-mallocr.o)
                0x20000e48                __malloc_top_pad
 *(COMMON)
 COMMON         0x20000e4c       0x21 c:/ac6/systemworkbench/plugins/fr.ac6.mcu.externaltools.arm-none.win32_1.17.0.201812190825/tools/compiler/bin/../lib/gcc/arm-none-eabi/7.3.1/../../../../arm-none-eabi/lib/thumb/v7e-m/fpv5/hard\libc.a(lib_a-lock.o)
                0x20000e4c                __lock___atexit_recursive_mutex
                0x20000e50                __lock___arc4random_mutex
                0x20000e54                __lock___env_recursive_mutex
                0x20000e58                __lock___sinit_recursive_mutex
                0x20000e5c                __lock___malloc_recursive_mutex
                0x20000e60                __lock___at_quick_exit_mutex
                0x20000e64                __lock___dd_hash_mutex
                0x20000e68                __lock___tz_mutex
                0x20000e6c                __lock___sfp_recursive_mutex
 *fill*         0x20000e6d        0x3 
 COMMON         0x20000e70        0x4 c:/ac6/systemworkbench/plugins/fr.ac6.mcu.externaltools.arm-none.win32_1.17.0.201812190825/tools/compiler/bin/../lib/gcc/arm-none-eabi/7.3.1/../../../../arm-none-eabi/lib/thumb/v7e-m/fpv5/hard\libc.a(lib_a-reent.o)
                0x20000e70                errno
                0x20000e74                . = ALIGN (0x4)
                0x20000e74                _ebss = .
                0x20000e74                __bss_end__ = _ebss

._user_heap_stack
                0x20000e74      0x604 load address 0x0800797c
                0x20000e78                . = ALIGN (0x8)
 *fill*         0x20000e74        0x4 
                0x20000e78                PROVIDE (end = .)
                [!provide]                PROVIDE (_end = .)
                0x20001078                . = (. + _Min_Heap_Size)
 *fill*         0x20000e78      0x200 
                0x20001478                . = (. + _Min_Stack_Size)
 *fill*         0x20001078      0x400 
                0x20001478                . = ALIGN (0x8)

/DISCARD/
 libc.a(*)
 libm.a(*)
 libgcc.a(*)

.ARM.attributes
                0x00000000       0x2e
 *(.ARM.attributes)
 .ARM.attributes
                0x00000000       0x20 c:/ac6/systemworkbench/plugins/fr.ac6.mcu.externaltools.arm-none.win32_1.17.0.201812190825/tools/compiler/bin/../lib/gcc/arm-none-eabi/7.3.1/thumb/v7e-m/fpv5/hard/crti.o
 .ARM.attributes
                0x00000020       0x32 c:/ac6/systemworkbench/plugins/fr.ac6.mcu.externaltools.arm-none.win32_1.17.0.201812190825/tools/compiler/bin/../lib/gcc/arm-none-eabi/7.3.1/thumb/v7e-m/fpv5/hard/crtbegin.o
 .ARM.attributes
                0x00000052       0x37 src/Custom_Lib.o
 .ARM.attributes
                0x00000089       0x37 src/EventHandlers.o
 .ARM.attributes
                0x000000c0       0x37 src/FAT16.o
 .ARM.attributes
                0x000000f7       0x37 src/Font.o
 .ARM.attributes
                0x0000012e       0x37 src/SDC.o
 .ARM.attributes
                0x00000165       0x37 src/TFT.o
 .ARM.attributes
                0x0000019c       0x37 src/main.o
 .ARM.attributes
                0x000001d3       0x37 src/syscalls.o
 .ARM.attributes
                0x0000020a       0x37 src/system_stm32f7xx.o
 .ARM.attributes
                0x00000241       0x21 startup/startup_stm32f767xx.o
 .ARM.attributes
                0x00000262       0x32 c:/ac6/systemworkbench/plugins/fr.ac6.mcu.externaltools.arm-none.win32_1.17.0.201812190825/tools/compiler/bin/../lib/gcc/arm-none-eabi/7.3.1/../../../../arm-none-eabi/lib/thumb/v7e-m/fpv5/hard\libc.a(lib_a-errno.o)
 .ARM.attributes
                0x00000294       0x32 c:/ac6/systemworkbench/plugins/fr.ac6.mcu.externaltools.arm-none.win32_1.17.0.201812190825/tools/compiler/bin/../lib/gcc/arm-none-eabi/7.3.1/../../../../arm-none-eabi/lib/thumb/v7e-m/fpv5/hard\libc.a(lib_a-impure.o)
 .ARM.attributes
                0x000002c6       0x32 c:/ac6/systemworkbench/plugins/fr.ac6.mcu.externaltools.arm-none.win32_1.17.0.201812190825/tools/compiler/bin/../lib/gcc/arm-none-eabi/7.3.1/../../../../arm-none-eabi/lib/thumb/v7e-m/fpv5/hard\libc.a(lib_a-init.o)
 .ARM.attributes
                0x000002f8       0x32 c:/ac6/systemworkbench/plugins/fr.ac6.mcu.externaltools.arm-none.win32_1.17.0.201812190825/tools/compiler/bin/../lib/gcc/arm-none-eabi/7.3.1/../../../../arm-none-eabi/lib/thumb/v7e-m/fpv5/hard\libc.a(lib_a-memset.o)
 .ARM.attributes
                0x0000032a       0x32 c:/ac6/systemworkbench/plugins/fr.ac6.mcu.externaltools.arm-none.win32_1.17.0.201812190825/tools/compiler/bin/../lib/gcc/arm-none-eabi/7.3.1/../../../../arm-none-eabi/lib/thumb/v7e-m/fpv5/hard\libc.a(lib_a-sprintf.o)
 .ARM.attributes
                0x0000035c       0x32 c:/ac6/systemworkbench/plugins/fr.ac6.mcu.externaltools.arm-none.win32_1.17.0.201812190825/tools/compiler/bin/../lib/gcc/arm-none-eabi/7.3.1/../../../../arm-none-eabi/lib/thumb/v7e-m/fpv5/hard\libc.a(lib_a-svfprintf.o)
 .ARM.attributes
                0x0000038e       0x32 c:/ac6/systemworkbench/plugins/fr.ac6.mcu.externaltools.arm-none.win32_1.17.0.201812190825/tools/compiler/bin/../lib/gcc/arm-none-eabi/7.3.1/../../../../arm-none-eabi/lib/thumb/v7e-m/fpv5/hard\libc.a(lib_a-__call_atexit.o)
 .ARM.attributes
                0x000003c0       0x32 c:/ac6/systemworkbench/plugins/fr.ac6.mcu.externaltools.arm-none.win32_1.17.0.201812190825/tools/compiler/bin/../lib/gcc/arm-none-eabi/7.3.1/../../../../arm-none-eabi/lib/thumb/v7e-m/fpv5/hard\libc.a(lib_a-atexit.o)
 .ARM.attributes
                0x000003f2       0x32 c:/ac6/systemworkbench/plugins/fr.ac6.mcu.externaltools.arm-none.win32_1.17.0.201812190825/tools/compiler/bin/../lib/gcc/arm-none-eabi/7.3.1/../../../../arm-none-eabi/lib/thumb/v7e-m/fpv5/hard\libc.a(lib_a-dtoa.o)
 .ARM.attributes
                0x00000424       0x32 c:/ac6/systemworkbench/plugins/fr.ac6.mcu.externaltools.arm-none.win32_1.17.0.201812190825/tools/compiler/bin/../lib/gcc/arm-none-eabi/7.3.1/../../../../arm-none-eabi/lib/thumb/v7e-m/fpv5/hard\libc.a(lib_a-fini.o)
 .ARM.attributes
                0x00000456       0x32 c:/ac6/systemworkbench/plugins/fr.ac6.mcu.externaltools.arm-none.win32_1.17.0.201812190825/tools/compiler/bin/../lib/gcc/arm-none-eabi/7.3.1/../../../../arm-none-eabi/lib/thumb/v7e-m/fpv5/hard\libc.a(lib_a-freer.o)
 .ARM.attributes
                0x00000488       0x32 c:/ac6/systemworkbench/plugins/fr.ac6.mcu.externaltools.arm-none.win32_1.17.0.201812190825/tools/compiler/bin/../lib/gcc/arm-none-eabi/7.3.1/../../../../arm-none-eabi/lib/thumb/v7e-m/fpv5/hard\libc.a(lib_a-localeconv.o)
 .ARM.attributes
                0x000004ba       0x32 c:/ac6/systemworkbench/plugins/fr.ac6.mcu.externaltools.arm-none.win32_1.17.0.201812190825/tools/compiler/bin/../lib/gcc/arm-none-eabi/7.3.1/../../../../arm-none-eabi/lib/thumb/v7e-m/fpv5/hard\libc.a(lib_a-lock.o)
 .ARM.attributes
                0x000004ec       0x32 c:/ac6/systemworkbench/plugins/fr.ac6.mcu.externaltools.arm-none.win32_1.17.0.201812190825/tools/compiler/bin/../lib/gcc/arm-none-eabi/7.3.1/../../../../arm-none-eabi/lib/thumb/v7e-m/fpv5/hard\libc.a(lib_a-mallocr.o)
 .ARM.attributes
                0x0000051e       0x1e c:/ac6/systemworkbench/plugins/fr.ac6.mcu.externaltools.arm-none.win32_1.17.0.201812190825/tools/compiler/bin/../lib/gcc/arm-none-eabi/7.3.1/../../../../arm-none-eabi/lib/thumb/v7e-m/fpv5/hard\libc.a(lib_a-memchr.o)
 .ARM.attributes
                0x0000053c       0x1e c:/ac6/systemworkbench/plugins/fr.ac6.mcu.externaltools.arm-none.win32_1.17.0.201812190825/tools/compiler/bin/../lib/gcc/arm-none-eabi/7.3.1/../../../../arm-none-eabi/lib/thumb/v7e-m/fpv5/hard\libc.a(lib_a-memcpy.o)
 .ARM.attributes
                0x0000055a       0x32 c:/ac6/systemworkbench/plugins/fr.ac6.mcu.externaltools.arm-none.win32_1.17.0.201812190825/tools/compiler/bin/../lib/gcc/arm-none-eabi/7.3.1/../../../../arm-none-eabi/lib/thumb/v7e-m/fpv5/hard\libc.a(lib_a-mlock.o)
 .ARM.attributes
                0x0000058c       0x32 c:/ac6/systemworkbench/plugins/fr.ac6.mcu.externaltools.arm-none.win32_1.17.0.201812190825/tools/compiler/bin/../lib/gcc/arm-none-eabi/7.3.1/../../../../arm-none-eabi/lib/thumb/v7e-m/fpv5/hard\libc.a(lib_a-mprec.o)
 .ARM.attributes
                0x000005be       0x32 c:/ac6/systemworkbench/plugins/fr.ac6.mcu.externaltools.arm-none.win32_1.17.0.201812190825/tools/compiler/bin/../lib/gcc/arm-none-eabi/7.3.1/../../../../arm-none-eabi/lib/thumb/v7e-m/fpv5/hard\libc.a(lib_a-s_frexp.o)
 .ARM.attributes
                0x000005f0       0x32 c:/ac6/systemworkbench/plugins/fr.ac6.mcu.externaltools.arm-none.win32_1.17.0.201812190825/tools/compiler/bin/../lib/gcc/arm-none-eabi/7.3.1/../../../../arm-none-eabi/lib/thumb/v7e-m/fpv5/hard\libc.a(lib_a-sbrkr.o)
 .ARM.attributes
                0x00000622       0x1e c:/ac6/systemworkbench/plugins/fr.ac6.mcu.externaltools.arm-none.win32_1.17.0.201812190825/tools/compiler/bin/../lib/gcc/arm-none-eabi/7.3.1/../../../../arm-none-eabi/lib/thumb/v7e-m/fpv5/hard\libc.a(lib_a-strlen.o)
 .ARM.attributes
                0x00000640       0x32 c:/ac6/systemworkbench/plugins/fr.ac6.mcu.externaltools.arm-none.win32_1.17.0.201812190825/tools/compiler/bin/../lib/gcc/arm-none-eabi/7.3.1/../../../../arm-none-eabi/lib/thumb/v7e-m/fpv5/hard\libc.a(lib_a-strncpy.o)
 .ARM.attributes
                0x00000672       0x32 c:/ac6/systemworkbench/plugins/fr.ac6.mcu.externaltools.arm-none.win32_1.17.0.201812190825/tools/compiler/bin/../lib/gcc/arm-none-eabi/7.3.1/../../../../arm-none-eabi/lib/thumb/v7e-m/fpv5/hard\libc.a(lib_a-svfiprintf.o)
 .ARM.attributes
                0x000006a4       0x32 c:/ac6/systemworkbench/plugins/fr.ac6.mcu.externaltools.arm-none.win32_1.17.0.201812190825/tools/compiler/bin/../lib/gcc/arm-none-eabi/7.3.1/../../../../arm-none-eabi/lib/thumb/v7e-m/fpv5/hard\libc.a(lib_a-__atexit.o)
 .ARM.attributes
                0x000006d6       0x32 c:/ac6/systemworkbench/plugins/fr.ac6.mcu.externaltools.arm-none.win32_1.17.0.201812190825/tools/compiler/bin/../lib/gcc/arm-none-eabi/7.3.1/../../../../arm-none-eabi/lib/thumb/v7e-m/fpv5/hard\libc.a(lib_a-callocr.o)
 .ARM.attributes
                0x00000708       0x32 c:/ac6/systemworkbench/plugins/fr.ac6.mcu.externaltools.arm-none.win32_1.17.0.201812190825/tools/compiler/bin/../lib/gcc/arm-none-eabi/7.3.1/../../../../arm-none-eabi/lib/thumb/v7e-m/fpv5/hard\libc.a(lib_a-locale.o)
 .ARM.attributes
                0x0000073a       0x32 c:/ac6/systemworkbench/plugins/fr.ac6.mcu.externaltools.arm-none.win32_1.17.0.201812190825/tools/compiler/bin/../lib/gcc/arm-none-eabi/7.3.1/../../../../arm-none-eabi/lib/thumb/v7e-m/fpv5/hard\libc.a(lib_a-mbtowc_r.o)
 .ARM.attributes
                0x0000076c       0x32 c:/ac6/systemworkbench/plugins/fr.ac6.mcu.externaltools.arm-none.win32_1.17.0.201812190825/tools/compiler/bin/../lib/gcc/arm-none-eabi/7.3.1/../../../../arm-none-eabi/lib/thumb/v7e-m/fpv5/hard\libc.a(lib_a-memmove.o)
 .ARM.attributes
                0x0000079e       0x32 c:/ac6/systemworkbench/plugins/fr.ac6.mcu.externaltools.arm-none.win32_1.17.0.201812190825/tools/compiler/bin/../lib/gcc/arm-none-eabi/7.3.1/../../../../arm-none-eabi/lib/thumb/v7e-m/fpv5/hard\libc.a(lib_a-reallocr.o)
 .ARM.attributes
                0x000007d0       0x32 c:/ac6/systemworkbench/plugins/fr.ac6.mcu.externaltools.arm-none.win32_1.17.0.201812190825/tools/compiler/bin/../lib/gcc/arm-none-eabi/7.3.1/../../../../arm-none-eabi/lib/thumb/v7e-m/fpv5/hard\libc.a(lib_a-reent.o)
 .ARM.attributes
                0x00000802       0x32 c:/ac6/systemworkbench/plugins/fr.ac6.mcu.externaltools.arm-none.win32_1.17.0.201812190825/tools/compiler/bin/../lib/gcc/arm-none-eabi/7.3.1/../../../../arm-none-eabi/lib/thumb/v7e-m/fpv5/hard\libc.a(lib_a-wctomb_r.o)
 .ARM.attributes
                0x00000834       0x32 c:/ac6/systemworkbench/plugins/fr.ac6.mcu.externaltools.arm-none.win32_1.17.0.201812190825/tools/compiler/bin/../lib/gcc/arm-none-eabi/7.3.1/../../../../arm-none-eabi/lib/thumb/v7e-m/fpv5/hard\libc.a(lib_a-ctype_.o)
 .ARM.attributes
                0x00000866       0x20 c:/ac6/systemworkbench/plugins/fr.ac6.mcu.externaltools.arm-none.win32_1.17.0.201812190825/tools/compiler/bin/../lib/gcc/arm-none-eabi/7.3.1/thumb/v7e-m/fpv5/hard\libgcc.a(_aeabi_uldivmod.o)
 .ARM.attributes
                0x00000886       0x32 c:/ac6/systemworkbench/plugins/fr.ac6.mcu.externaltools.arm-none.win32_1.17.0.201812190825/tools/compiler/bin/../lib/gcc/arm-none-eabi/7.3.1/thumb/v7e-m/fpv5/hard\libgcc.a(_udivmoddi4.o)
 .ARM.attributes
                0x000008b8       0x20 c:/ac6/systemworkbench/plugins/fr.ac6.mcu.externaltools.arm-none.win32_1.17.0.201812190825/tools/compiler/bin/../lib/gcc/arm-none-eabi/7.3.1/thumb/v7e-m/fpv5/hard\libgcc.a(_dvmd_tls.o)
 .ARM.attributes
                0x000008d8       0x20 c:/ac6/systemworkbench/plugins/fr.ac6.mcu.externaltools.arm-none.win32_1.17.0.201812190825/tools/compiler/bin/../lib/gcc/arm-none-eabi/7.3.1/thumb/v7e-m/fpv5/hard/crtn.o
OUTPUT(PrimOS.elf elf32-littlearm)

.debug_info     0x00000000     0xa48f
 .debug_info    0x00000000     0x148c src/Custom_Lib.o
 .debug_info    0x0000148c     0x152e src/EventHandlers.o
 .debug_info    0x000029ba     0x156e src/FAT16.o
 .debug_info    0x00003f28      0x9d2 src/Font.o
 .debug_info    0x000048fa     0x1319 src/SDC.o
 .debug_info    0x00005c13     0x23c2 src/TFT.o
 .debug_info    0x00007fd5      0xdb6 src/main.o
 .debug_info    0x00008d8b      0xff9 src/syscalls.o
 .debug_info    0x00009d84      0x6e9 src/system_stm32f7xx.o
 .debug_info    0x0000a46d       0x22 startup/startup_stm32f767xx.o

.debug_abbrev   0x00000000     0x16ef
 .debug_abbrev  0x00000000      0x2e8 src/Custom_Lib.o
 .debug_abbrev  0x000002e8      0x298 src/EventHandlers.o
 .debug_abbrev  0x00000580      0x29a src/FAT16.o
 .debug_abbrev  0x0000081a      0x1c4 src/Font.o
 .debug_abbrev  0x000009de      0x287 src/SDC.o
 .debug_abbrev  0x00000c65      0x3fc src/TFT.o
 .debug_abbrev  0x00001061      0x23d src/main.o
 .debug_abbrev  0x0000129e      0x312 src/syscalls.o
 .debug_abbrev  0x000015b0      0x12d src/system_stm32f7xx.o
 .debug_abbrev  0x000016dd       0x12 startup/startup_stm32f767xx.o

.debug_loc      0x00000000     0x12e8
 .debug_loc     0x00000000       0x92 src/Custom_Lib.o
 .debug_loc     0x00000092       0x3e src/EventHandlers.o
 .debug_loc     0x000000d0       0xbd src/FAT16.o
 .debug_loc     0x0000018d      0x645 src/SDC.o
 .debug_loc     0x000007d2      0x613 src/TFT.o
 .debug_loc     0x00000de5      0x3b7 src/syscalls.o
 .debug_loc     0x0000119c      0x14c src/system_stm32f7xx.o

.debug_aranges  0x00000000      0x278
 .debug_aranges
                0x00000000       0x38 src/Custom_Lib.o
 .debug_aranges
                0x00000038       0x28 src/EventHandlers.o
 .debug_aranges
                0x00000060       0x28 src/FAT16.o
 .debug_aranges
                0x00000088       0x18 src/Font.o
 .debug_aranges
                0x000000a0       0x48 src/SDC.o
 .debug_aranges
                0x000000e8       0x70 src/TFT.o
 .debug_aranges
                0x00000158       0x20 src/main.o
 .debug_aranges
                0x00000178       0xb0 src/syscalls.o
 .debug_aranges
                0x00000228       0x28 src/system_stm32f7xx.o
 .debug_aranges
                0x00000250       0x28 startup/startup_stm32f767xx.o

.debug_ranges   0x00000000      0xdc0
 .debug_ranges  0x00000000       0x40 src/Custom_Lib.o
 .debug_ranges  0x00000040       0x48 src/EventHandlers.o
 .debug_ranges  0x00000088       0xd0 src/FAT16.o
 .debug_ranges  0x00000158       0x38 src/SDC.o
 .debug_ranges  0x00000190      0xb48 src/TFT.o
 .debug_ranges  0x00000cd8       0x10 src/main.o
 .debug_ranges  0x00000ce8       0xa0 src/syscalls.o
 .debug_ranges  0x00000d88       0x18 src/system_stm32f7xx.o
 .debug_ranges  0x00000da0       0x20 startup/startup_stm32f767xx.o

.debug_macro    0x00000000    0x2156b
 .debug_macro   0x00000000      0x253 src/Custom_Lib.o
 .debug_macro   0x00000253      0xa78 src/Custom_Lib.o
 .debug_macro   0x00000ccb       0x3b src/Custom_Lib.o
 .debug_macro   0x00000d06       0x22 src/Custom_Lib.o
 .debug_macro   0x00000d28       0x8e src/Custom_Lib.o
 .debug_macro   0x00000db6       0x51 src/Custom_Lib.o
 .debug_macro   0x00000e07       0xef src/Custom_Lib.o
 .debug_macro   0x00000ef6       0x6a src/Custom_Lib.o
 .debug_macro   0x00000f60      0x1df src/Custom_Lib.o
 .debug_macro   0x0000113f       0x1c src/Custom_Lib.o
 .debug_macro   0x0000115b       0x22 src/Custom_Lib.o
 .debug_macro   0x0000117d       0xdf src/Custom_Lib.o
 .debug_macro   0x0000125c     0x12cd src/Custom_Lib.o
 .debug_macro   0x00002529      0x11f src/Custom_Lib.o
 .debug_macro   0x00002648       0x19 src/Custom_Lib.o
 .debug_macro   0x00002661    0x1a029 src/Custom_Lib.o
 .debug_macro   0x0001c68a       0x5e src/Custom_Lib.o
 .debug_macro   0x0001c6e8       0x17 src/Custom_Lib.o
 .debug_macro   0x0001c6ff       0x35 src/Custom_Lib.o
 .debug_macro   0x0001c734       0x34 src/Custom_Lib.o
 .debug_macro   0x0001c768      0x174 src/Custom_Lib.o
 .debug_macro   0x0001c8dc       0x58 src/Custom_Lib.o
 .debug_macro   0x0001c934       0x1f src/Custom_Lib.o
 .debug_macro   0x0001c953       0x43 src/Custom_Lib.o
 .debug_macro   0x0001c996       0x20 src/Custom_Lib.o
 .debug_macro   0x0001c9b6      0x18e src/Custom_Lib.o
 .debug_macro   0x0001cb44      0x32a src/Custom_Lib.o
 .debug_macro   0x0001ce6e       0x10 src/Custom_Lib.o
 .debug_macro   0x0001ce7e       0x35 src/Custom_Lib.o
 .debug_macro   0x0001ceb3       0x1c src/Custom_Lib.o
 .debug_macro   0x0001cecf       0x10 src/Custom_Lib.o
 .debug_macro   0x0001cedf       0x10 src/Custom_Lib.o
 .debug_macro   0x0001ceef       0x1c src/Custom_Lib.o
 .debug_macro   0x0001cf0b       0x52 src/Custom_Lib.o
 .debug_macro   0x0001cf5d       0x40 src/Custom_Lib.o
 .debug_macro   0x0001cf9d       0x10 src/Custom_Lib.o
 .debug_macro   0x0001cfad       0x40 src/Custom_Lib.o
 .debug_macro   0x0001cfed       0xd7 src/Custom_Lib.o
 .debug_macro   0x0001d0c4       0x1c src/Custom_Lib.o
 .debug_macro   0x0001d0e0       0x3d src/Custom_Lib.o
 .debug_macro   0x0001d11d       0x16 src/Custom_Lib.o
 .debug_macro   0x0001d133      0x16f src/Custom_Lib.o
 .debug_macro   0x0001d2a2      0x257 src/EventHandlers.o
 .debug_macro   0x0001d4f9      0x27f src/FAT16.o
 .debug_macro   0x0001d778       0xd6 src/FAT16.o
 .debug_macro   0x0001d84e       0x10 src/FAT16.o
 .debug_macro   0x0001d85e      0x257 src/Font.o
 .debug_macro   0x0001dab5      0x27b src/SDC.o
 .debug_macro   0x0001dd30      0x266 src/TFT.o
 .debug_macro   0x0001df96      0x28e src/main.o
 .debug_macro   0x0001e224      0xb50 src/main.o
 .debug_macro   0x0001ed74       0x1c src/main.o
 .debug_macro   0x0001ed90     0x12cd src/main.o
 .debug_macro   0x0002005d       0x34 src/main.o
 .debug_macro   0x00020091      0x17b src/main.o
 .debug_macro   0x0002020c       0x43 src/main.o
 .debug_macro   0x0002024f      0x34d src/main.o
 .debug_macro   0x0002059c       0x35 src/main.o
 .debug_macro   0x000205d1      0x137 src/main.o
 .debug_macro   0x00020708      0x243 src/syscalls.o
 .debug_macro   0x0002094b       0x58 src/syscalls.o
 .debug_macro   0x000209a3       0x94 src/syscalls.o
 .debug_macro   0x00020a37       0x57 src/syscalls.o
 .debug_macro   0x00020a8e      0x330 src/syscalls.o
 .debug_macro   0x00020dbe       0x10 src/syscalls.o
 .debug_macro   0x00020dce       0x10 src/syscalls.o
 .debug_macro   0x00020dde       0x10 src/syscalls.o
 .debug_macro   0x00020dee       0x35 src/syscalls.o
 .debug_macro   0x00020e23      0x122 src/syscalls.o
 .debug_macro   0x00020f45       0x16 src/syscalls.o
 .debug_macro   0x00020f5b       0x16 src/syscalls.o
 .debug_macro   0x00020f71       0x29 src/syscalls.o
 .debug_macro   0x00020f9a       0x10 src/syscalls.o
 .debug_macro   0x00020faa      0x241 src/syscalls.o
 .debug_macro   0x000211eb       0x10 src/syscalls.o
 .debug_macro   0x000211fb      0x189 src/syscalls.o
 .debug_macro   0x00021384       0x16 src/syscalls.o
 .debug_macro   0x0002139a       0x88 src/syscalls.o
 .debug_macro   0x00021422       0xde src/system_stm32f7xx.o
 .debug_macro   0x00021500       0x28 src/system_stm32f7xx.o
 .debug_macro   0x00021528       0x43 src/system_stm32f7xx.o

.debug_line     0x00000000     0x399f
 .debug_line    0x00000000      0x5a0 src/Custom_Lib.o
 .debug_line    0x000005a0      0x578 src/EventHandlers.o
 .debug_line    0x00000b18      0x65a src/FAT16.o
 .debug_line    0x00001172      0x510 src/Font.o
 .debug_line    0x00001682      0x63d src/SDC.o
 .debug_line    0x00001cbf      0xd26 src/TFT.o
 .debug_line    0x000029e5      0x587 src/main.o
 .debug_line    0x00002f6c      0x5c5 src/syscalls.o
 .debug_line    0x00003531      0x3ef src/system_stm32f7xx.o
 .debug_line    0x00003920       0x7f startup/startup_stm32f767xx.o

.debug_str      0x00000000    0xa61a3
 .debug_str     0x00000000    0xa3c75 src/Custom_Lib.o
                              0xa3f3e (size before relaxing)
 .debug_str     0x000a3c75       0xe8 src/EventHandlers.o
                              0xa3f75 (size before relaxing)
 .debug_str     0x000a3d5d      0x5eb src/FAT16.o
                              0xa3ba4 (size before relaxing)
 .debug_str     0x000a4348        0xe src/Font.o
                              0xa35cf (size before relaxing)
 .debug_str     0x000a4356       0x9d src/SDC.o
                              0xa3c3e (size before relaxing)
 .debug_str     0x000a43f3       0x87 src/TFT.o
                              0xa3bce (size before relaxing)
 .debug_str     0x000a447a      0x75a src/main.o
                              0xa3fea (size before relaxing)
 .debug_str     0x000a4bd4     0x1231 src/syscalls.o
                               0x85c2 (size before relaxing)
 .debug_str     0x000a5e05      0x36f src/system_stm32f7xx.o
                              0x9fa32 (size before relaxing)
 .debug_str     0x000a6174       0x2f startup/startup_stm32f767xx.o
                                 0x52 (size before relaxing)

.comment        0x00000000       0x7f
 .comment       0x00000000       0x7f src/Custom_Lib.o
                                 0x80 (size before relaxing)
 .comment       0x0000007f       0x80 src/EventHandlers.o
 .comment       0x0000007f       0x80 src/FAT16.o
 .comment       0x0000007f       0x80 src/Font.o
 .comment       0x0000007f       0x80 src/SDC.o
 .comment       0x0000007f       0x80 src/TFT.o
 .comment       0x0000007f       0x80 src/main.o
 .comment       0x0000007f       0x80 src/syscalls.o
 .comment       0x0000007f       0x80 src/system_stm32f7xx.o

.debug_frame    0x00000000     0x10a4
 .debug_frame   0x00000000       0x98 src/Custom_Lib.o
 .debug_frame   0x00000098       0x40 src/EventHandlers.o
 .debug_frame   0x000000d8       0x70 src/FAT16.o
 .debug_frame   0x00000148       0xec src/SDC.o
 .debug_frame   0x00000234      0x1cc src/TFT.o
 .debug_frame   0x00000400       0x28 src/main.o
 .debug_frame   0x00000428      0x1a8 src/syscalls.o
 .debug_frame   0x000005d0       0x40 src/system_stm32f7xx.o
 .debug_frame   0x00000610       0x20 c:/ac6/systemworkbench/plugins/fr.ac6.mcu.externaltools.arm-none.win32_1.17.0.201812190825/tools/compiler/bin/../lib/gcc/arm-none-eabi/7.3.1/../../../../arm-none-eabi/lib/thumb/v7e-m/fpv5/hard\libc.a(lib_a-errno.o)
 .debug_frame   0x00000630       0x2c c:/ac6/systemworkbench/plugins/fr.ac6.mcu.externaltools.arm-none.win32_1.17.0.201812190825/tools/compiler/bin/../lib/gcc/arm-none-eabi/7.3.1/../../../../arm-none-eabi/lib/thumb/v7e-m/fpv5/hard\libc.a(lib_a-init.o)
 .debug_frame   0x0000065c       0x38 c:/ac6/systemworkbench/plugins/fr.ac6.mcu.externaltools.arm-none.win32_1.17.0.201812190825/tools/compiler/bin/../lib/gcc/arm-none-eabi/7.3.1/../../../../arm-none-eabi/lib/thumb/v7e-m/fpv5/hard\libc.a(lib_a-memset.o)
 .debug_frame   0x00000694       0x80 c:/ac6/systemworkbench/plugins/fr.ac6.mcu.externaltools.arm-none.win32_1.17.0.201812190825/tools/compiler/bin/../lib/gcc/arm-none-eabi/7.3.1/../../../../arm-none-eabi/lib/thumb/v7e-m/fpv5/hard\libc.a(lib_a-sprintf.o)
 .debug_frame   0x00000714       0x64 c:/ac6/systemworkbench/plugins/fr.ac6.mcu.externaltools.arm-none.win32_1.17.0.201812190825/tools/compiler/bin/../lib/gcc/arm-none-eabi/7.3.1/../../../../arm-none-eabi/lib/thumb/v7e-m/fpv5/hard\libc.a(lib_a-svfprintf.o)
 .debug_frame   0x00000778       0x5c c:/ac6/systemworkbench/plugins/fr.ac6.mcu.externaltools.arm-none.win32_1.17.0.201812190825/tools/compiler/bin/../lib/gcc/arm-none-eabi/7.3.1/../../../../arm-none-eabi/lib/thumb/v7e-m/fpv5/hard\libc.a(lib_a-__call_atexit.o)
 .debug_frame   0x000007d4       0x20 c:/ac6/systemworkbench/plugins/fr.ac6.mcu.externaltools.arm-none.win32_1.17.0.201812190825/tools/compiler/bin/../lib/gcc/arm-none-eabi/7.3.1/../../../../arm-none-eabi/lib/thumb/v7e-m/fpv5/hard\libc.a(lib_a-atexit.o)
 .debug_frame   0x000007f4       0x88 c:/ac6/systemworkbench/plugins/fr.ac6.mcu.externaltools.arm-none.win32_1.17.0.201812190825/tools/compiler/bin/../lib/gcc/arm-none-eabi/7.3.1/../../../../arm-none-eabi/lib/thumb/v7e-m/fpv5/hard\libc.a(lib_a-dtoa.o)
 .debug_frame   0x0000087c       0x34 c:/ac6/systemworkbench/plugins/fr.ac6.mcu.externaltools.arm-none.win32_1.17.0.201812190825/tools/compiler/bin/../lib/gcc/arm-none-eabi/7.3.1/../../../../arm-none-eabi/lib/thumb/v7e-m/fpv5/hard\libc.a(lib_a-fini.o)
 .debug_frame   0x000008b0       0x80 c:/ac6/systemworkbench/plugins/fr.ac6.mcu.externaltools.arm-none.win32_1.17.0.201812190825/tools/compiler/bin/../lib/gcc/arm-none-eabi/7.3.1/../../../../arm-none-eabi/lib/thumb/v7e-m/fpv5/hard\libc.a(lib_a-freer.o)
 .debug_frame   0x00000930       0x40 c:/ac6/systemworkbench/plugins/fr.ac6.mcu.externaltools.arm-none.win32_1.17.0.201812190825/tools/compiler/bin/../lib/gcc/arm-none-eabi/7.3.1/../../../../arm-none-eabi/lib/thumb/v7e-m/fpv5/hard\libc.a(lib_a-localeconv.o)
 .debug_frame   0x00000970       0xb0 c:/ac6/systemworkbench/plugins/fr.ac6.mcu.externaltools.arm-none.win32_1.17.0.201812190825/tools/compiler/bin/../lib/gcc/arm-none-eabi/7.3.1/../../../../arm-none-eabi/lib/thumb/v7e-m/fpv5/hard\libc.a(lib_a-lock.o)
 .debug_frame   0x00000a20       0x54 c:/ac6/systemworkbench/plugins/fr.ac6.mcu.externaltools.arm-none.win32_1.17.0.201812190825/tools/compiler/bin/../lib/gcc/arm-none-eabi/7.3.1/../../../../arm-none-eabi/lib/thumb/v7e-m/fpv5/hard\libc.a(lib_a-mallocr.o)
 .debug_frame   0x00000a74       0x30 c:/ac6/systemworkbench/plugins/fr.ac6.mcu.externaltools.arm-none.win32_1.17.0.201812190825/tools/compiler/bin/../lib/gcc/arm-none-eabi/7.3.1/../../../../arm-none-eabi/lib/thumb/v7e-m/fpv5/hard\libc.a(lib_a-mlock.o)
 .debug_frame   0x00000aa4      0x248 c:/ac6/systemworkbench/plugins/fr.ac6.mcu.externaltools.arm-none.win32_1.17.0.201812190825/tools/compiler/bin/../lib/gcc/arm-none-eabi/7.3.1/../../../../arm-none-eabi/lib/thumb/v7e-m/fpv5/hard\libc.a(lib_a-mprec.o)
 .debug_frame   0x00000cec       0x34 c:/ac6/systemworkbench/plugins/fr.ac6.mcu.externaltools.arm-none.win32_1.17.0.201812190825/tools/compiler/bin/../lib/gcc/arm-none-eabi/7.3.1/../../../../arm-none-eabi/lib/thumb/v7e-m/fpv5/hard\libc.a(lib_a-s_frexp.o)
 .debug_frame   0x00000d20       0x2c c:/ac6/systemworkbench/plugins/fr.ac6.mcu.externaltools.arm-none.win32_1.17.0.201812190825/tools/compiler/bin/../lib/gcc/arm-none-eabi/7.3.1/../../../../arm-none-eabi/lib/thumb/v7e-m/fpv5/hard\libc.a(lib_a-sbrkr.o)
 .debug_frame   0x00000d4c       0x34 c:/ac6/systemworkbench/plugins/fr.ac6.mcu.externaltools.arm-none.win32_1.17.0.201812190825/tools/compiler/bin/../lib/gcc/arm-none-eabi/7.3.1/../../../../arm-none-eabi/lib/thumb/v7e-m/fpv5/hard\libc.a(lib_a-strncpy.o)
 .debug_frame   0x00000d80       0x74 c:/ac6/systemworkbench/plugins/fr.ac6.mcu.externaltools.arm-none.win32_1.17.0.201812190825/tools/compiler/bin/../lib/gcc/arm-none-eabi/7.3.1/../../../../arm-none-eabi/lib/thumb/v7e-m/fpv5/hard\libc.a(lib_a-svfiprintf.o)
 .debug_frame   0x00000df4       0x34 c:/ac6/systemworkbench/plugins/fr.ac6.mcu.externaltools.arm-none.win32_1.17.0.201812190825/tools/compiler/bin/../lib/gcc/arm-none-eabi/7.3.1/../../../../arm-none-eabi/lib/thumb/v7e-m/fpv5/hard\libc.a(lib_a-__atexit.o)
 .debug_frame   0x00000e28       0x28 c:/ac6/systemworkbench/plugins/fr.ac6.mcu.externaltools.arm-none.win32_1.17.0.201812190825/tools/compiler/bin/../lib/gcc/arm-none-eabi/7.3.1/../../../../arm-none-eabi/lib/thumb/v7e-m/fpv5/hard\libc.a(lib_a-callocr.o)
 .debug_frame   0x00000e50       0x6c c:/ac6/systemworkbench/plugins/fr.ac6.mcu.externaltools.arm-none.win32_1.17.0.201812190825/tools/compiler/bin/../lib/gcc/arm-none-eabi/7.3.1/../../../../arm-none-eabi/lib/thumb/v7e-m/fpv5/hard\libc.a(lib_a-locale.o)
 .debug_frame   0x00000ebc       0x4c c:/ac6/systemworkbench/plugins/fr.ac6.mcu.externaltools.arm-none.win32_1.17.0.201812190825/tools/compiler/bin/../lib/gcc/arm-none-eabi/7.3.1/../../../../arm-none-eabi/lib/thumb/v7e-m/fpv5/hard\libc.a(lib_a-mbtowc_r.o)
 .debug_frame   0x00000f08       0x40 c:/ac6/systemworkbench/plugins/fr.ac6.mcu.externaltools.arm-none.win32_1.17.0.201812190825/tools/compiler/bin/../lib/gcc/arm-none-eabi/7.3.1/../../../../arm-none-eabi/lib/thumb/v7e-m/fpv5/hard\libc.a(lib_a-memmove.o)
 .debug_frame   0x00000f48       0x58 c:/ac6/systemworkbench/plugins/fr.ac6.mcu.externaltools.arm-none.win32_1.17.0.201812190825/tools/compiler/bin/../lib/gcc/arm-none-eabi/7.3.1/../../../../arm-none-eabi/lib/thumb/v7e-m/fpv5/hard\libc.a(lib_a-reallocr.o)
 .debug_frame   0x00000fa0       0x68 c:/ac6/systemworkbench/plugins/fr.ac6.mcu.externaltools.arm-none.win32_1.17.0.201812190825/tools/compiler/bin/../lib/gcc/arm-none-eabi/7.3.1/../../../../arm-none-eabi/lib/thumb/v7e-m/fpv5/hard\libc.a(lib_a-reent.o)
 .debug_frame   0x00001008       0x3c c:/ac6/systemworkbench/plugins/fr.ac6.mcu.externaltools.arm-none.win32_1.17.0.201812190825/tools/compiler/bin/../lib/gcc/arm-none-eabi/7.3.1/../../../../arm-none-eabi/lib/thumb/v7e-m/fpv5/hard\libc.a(lib_a-wctomb_r.o)
 .debug_frame   0x00001044       0x2c c:/ac6/systemworkbench/plugins/fr.ac6.mcu.externaltools.arm-none.win32_1.17.0.201812190825/tools/compiler/bin/../lib/gcc/arm-none-eabi/7.3.1/thumb/v7e-m/fpv5/hard\libgcc.a(_aeabi_uldivmod.o)
 .debug_frame   0x00001070       0x34 c:/ac6/systemworkbench/plugins/fr.ac6.mcu.externaltools.arm-none.win32_1.17.0.201812190825/tools/compiler/bin/../lib/gcc/arm-none-eabi/7.3.1/thumb/v7e-m/fpv5/hard\libgcc.a(_udivmoddi4.o)
